2026-07-16 23:22:48 [com.xxl.job.core.thread.JobThread#run]-[130]-[Thread-98] <br>----------- xxl-job job execute start -----------<br>----------- Param:
2026-07-16 23:23:19 [com.xxl.job.core.thread.JobThread#run]-[201]-[Thread-98] <br>----------- JobThread Exception:java.lang.reflect.InvocationTargetException
	at sun.reflect.NativeMethodAccessorImpl.invoke0(Native Method)
	at sun.reflect.NativeMethodAccessorImpl.invoke(NativeMethodAccessorImpl.java:62)
	at sun.reflect.DelegatingMethodAccessorImpl.invoke(DelegatingMethodAccessorImpl.java:43)
	at java.lang.reflect.Method.invoke(Method.java:498)
	at com.xxl.job.core.handler.impl.MethodJobHandler.execute(MethodJobHandler.java:31)
	at com.xxl.job.core.thread.JobThread.run(JobThread.java:163)
Caused by: java.lang.RuntimeException: java.lang.RuntimeException: ES bulk index failed
	at com.example.scproduct.job.HandleProDescJob.rebuildAll(HandleProDescJob.java:152)
	... 6 more
Caused by: java.lang.RuntimeException: ES bulk index failed
	at com.example.scproduct.es.ProductDescEsService.upsertBatch(ProductDescEsService.java:113)
	at com.example.scproduct.job.HandleProDescJob.rebuildAll(HandleProDescJob.java:142)
	... 6 more
Caused by: org.springframework.dao.DataAccessResourceFailureException: Unable to parse response body for Response{requestLine=POST /_bulk?timeout=1m HTTP/1.1, host=http://localhost:9200, response=HTTP/1.1 200 OK}; nested exception is java.lang.RuntimeException: Unable to parse response body for Response{requestLine=POST /_bulk?timeout=1m HTTP/1.1, host=http://localhost:9200, response=HTTP/1.1 200 OK}
	at org.springframework.data.elasticsearch.core.ElasticsearchExceptionTranslator.translateExceptionIfPossible(ElasticsearchExceptionTranslator.java:75)
	at org.springframework.data.elasticsearch.core.ElasticsearchRestTemplate.translateException(ElasticsearchRestTemplate.java:402)
	at org.springframework.data.elasticsearch.core.ElasticsearchRestTemplate.execute(ElasticsearchRestTemplate.java:385)
	at org.springframework.data.elasticsearch.core.ElasticsearchRestTemplate.doBulkOperation(ElasticsearchRestTemplate.java:269)
	at org.springframework.data.elasticsearch.core.AbstractElasticsearchTemplate.bulkOperation(AbstractElasticsearchTemplate.java:339)
	at org.springframework.data.elasticsearch.core.AbstractElasticsearchTemplate.bulkIndex(AbstractElasticsearchTemplate.java:323)
	at org.springframework.data.elasticsearch.core.DocumentOperations.bulkIndex(DocumentOperations.java:175)
	at org.springframework.data.elasticsearch.core.AbstractElasticsearchTemplate.bulkIndex(AbstractElasticsearchTemplate.java:308)
	at com.example.scproduct.es.ProductDescEsService.upsertBatch(ProductDescEsService.java:108)
	... 7 more
Caused by: java.lang.RuntimeException: Unable to parse response body for Response{requestLine=POST /_bulk?timeout=1m HTTP/1.1, host=http://localhost:9200, response=HTTP/1.1 200 OK}
	at org.springframework.data.elasticsearch.core.ElasticsearchRestTemplate.translateException(ElasticsearchRestTemplate.java:400)
	... 14 more
Caused by: java.io.IOException: Unable to parse response body for Response{requestLine=POST /_bulk?timeout=1m HTTP/1.1, host=http://localhost:9200, response=HTTP/1.1 200 OK}
	at org.elasticsearch.client.RestHighLevelClient.internalPerformRequest(RestHighLevelClient.java:1673)
	at org.elasticsearch.client.RestHighLevelClient.performRequest(RestHighLevelClient.java:1624)
	at org.elasticsearch.client.RestHighLevelClient.performRequestAndParseEntity(RestHighLevelClient.java:1594)
	at org.elasticsearch.client.RestHighLevelClient.bulk(RestHighLevelClient.java:559)
	at org.springframework.data.elasticsearch.core.ElasticsearchRestTemplate.lambda$doBulkOperation$9(ElasticsearchRestTemplate.java:269)
	at org.springframework.data.elasticsearch.core.ElasticsearchRestTemplate.execute(ElasticsearchRestTemplate.java:383)
	... 13 more
Caused by: java.lang.NullPointerException
	at java.util.Objects.requireNonNull(Objects.java:203)
	at org.elasticsearch.action.DocWriteResponse.<init>(DocWriteResponse.java:116)
	at org.elasticsearch.action.index.IndexResponse.<init>(IndexResponse.java:43)
	at org.elasticsearch.action.index.IndexResponse.<init>(IndexResponse.java:28)
	at org.elasticsearch.action.index.IndexResponse$Builder.build(IndexResponse.java:96)
	at org.elasticsearch.action.index.IndexResponse$Builder.build(IndexResponse.java:93)
	at org.elasticsearch.action.bulk.BulkItemResponse.fromXContent(BulkItemResponse.java:148)
	at org.elasticsearch.action.bulk.BulkResponse.fromXContent(BulkResponse.java:177)
	at org.elasticsearch.client.RestHighLevelClient.parseEntity(RestHighLevelClient.java:1933)
	at org.elasticsearch.client.RestHighLevelClient.lambda$performRequestAndParseEntity$8(RestHighLevelClient.java:1595)
	at org.elasticsearch.client.RestHighLevelClient.internalPerformRequest(RestHighLevelClient.java:1671)
	... 18 more
<br>----------- xxl-job job execute end(error) -----------
2026-07-16 23:23:19 [com.xxl.job.core.thread.TriggerCallbackThread#callbackLog]-[197]-[xxl-job, executor TriggerCallbackThread] <br>----------- xxl-job job callback fail, callbackResult:ReturnT [code=500, msg=xxl-rpc remoting fail, StatusCode(404) invalid. for url : http://localhost:8080/xxl-job-admin/api/callback, content=null]
2026-07-16 23:23:40 [com.xxl.job.core.thread.TriggerCallbackThread#callbackLog]-[197]-[Thread-80] <br>----------- xxl-job job callback fail, callbackResult:ReturnT [code=500, msg=xxl-rpc remoting fail, StatusCode(404) invalid. for url : http://localhost:8080/xxl-job-admin/api/callback, content=null]
2026-07-16 23:24:10 [com.xxl.job.core.thread.TriggerCallbackThread#callbackLog]-[197]-[Thread-80] <br>----------- xxl-job job callback fail, callbackResult:ReturnT [code=500, msg=xxl-rpc remoting fail, StatusCode(404) invalid. for url : http://localhost:8080/xxl-job-admin/api/callback, content=null]
2026-07-16 23:24:40 [com.xxl.job.core.thread.TriggerCallbackThread#callbackLog]-[197]-[Thread-80] <br>----------- xxl-job job callback fail, callbackResult:ReturnT [code=500, msg=xxl-rpc remoting fail, StatusCode(404) invalid. for url : http://localhost:8080/xxl-job-admin/api/callback, content=null]
2026-07-16 23:25:10 [com.xxl.job.core.thread.TriggerCallbackThread#callbackLog]-[197]-[Thread-80] <br>----------- xxl-job job callback fail, callbackResult:ReturnT [code=500, msg=xxl-rpc remoting fail, StatusCode(404) invalid. for url : http://localhost:8080/xxl-job-admin/api/callback, content=null]
2026-07-16 23:25:40 [com.xxl.job.core.thread.TriggerCallbackThread#callbackLog]-[197]-[Thread-80] <br>----------- xxl-job job callback fail, callbackResult:ReturnT [code=500, msg=xxl-rpc remoting fail, StatusCode(404) invalid. for url : http://localhost:8080/xxl-job-admin/api/callback, content=null]
2026-07-16 23:26:10 [com.xxl.job.core.thread.TriggerCallbackThread#callbackLog]-[197]-[Thread-80] <br>----------- xxl-job job callback fail, callbackResult:ReturnT [code=500, msg=xxl-rpc remoting fail, StatusCode(404) invalid. for url : http://localhost:8080/xxl-job-admin/api/callback, content=null]
2026-07-16 23:26:40 [com.xxl.job.core.thread.TriggerCallbackThread#callbackLog]-[197]-[Thread-80] <br>----------- xxl-job job callback fail, callbackResult:ReturnT [code=500, msg=xxl-rpc remoting fail, StatusCode(404) invalid. for url : http://localhost:8080/xxl-job-admin/api/callback, content=null]
2026-07-16 23:27:10 [com.xxl.job.core.thread.TriggerCallbackThread#callbackLog]-[197]-[Thread-80] <br>----------- xxl-job job callback fail, callbackResult:ReturnT [code=500, msg=xxl-rpc remoting fail, StatusCode(404) invalid. for url : http://localhost:8080/xxl-job-admin/api/callback, content=null]
2026-07-16 23:27:40 [com.xxl.job.core.thread.TriggerCallbackThread#callbackLog]-[197]-[Thread-80] <br>----------- xxl-job job callback fail, callbackResult:ReturnT [code=500, msg=xxl-rpc remoting fail, StatusCode(404) invalid. for url : http://localhost:8080/xxl-job-admin/api/callback, content=null]
2026-07-16 23:28:10 [com.xxl.job.core.thread.TriggerCallbackThread#callbackLog]-[197]-[Thread-80] <br>----------- xxl-job job callback fail, callbackResult:ReturnT [code=500, msg=xxl-rpc remoting fail, StatusCode(404) invalid. for url : http://localhost:8080/xxl-job-admin/api/callback, content=null]
2026-07-16 23:28:40 [com.xxl.job.core.thread.TriggerCallbackThread#callbackLog]-[197]-[Thread-80] <br>----------- xxl-job job callback fail, callbackResult:ReturnT [code=500, msg=xxl-rpc remoting fail, StatusCode(404) invalid. for url : http://localhost:8080/xxl-job-admin/api/callback, content=null]
2026-07-16 23:29:10 [com.xxl.job.core.thread.TriggerCallbackThread#callbackLog]-[197]-[Thread-80] <br>----------- xxl-job job callback fail, callbackResult:ReturnT [code=500, msg=xxl-rpc remoting fail, StatusCode(404) invalid. for url : http://localhost:8080/xxl-job-admin/api/callback, content=null]
2026-07-16 23:29:40 [com.xxl.job.core.thread.TriggerCallbackThread#callbackLog]-[197]-[Thread-80] <br>----------- xxl-job job callback fail, callbackResult:ReturnT [code=500, msg=xxl-rpc remoting fail, StatusCode(404) invalid. for url : http://localhost:8080/xxl-job-admin/api/callback, content=null]
2026-07-16 23:30:10 [com.xxl.job.core.thread.TriggerCallbackThread#callbackLog]-[197]-[Thread-80] <br>----------- xxl-job job callback fail, callbackResult:ReturnT [code=500, msg=xxl-rpc remoting fail, StatusCode(404) invalid. for url : http://localhost:8080/xxl-job-admin/api/callback, content=null]
2026-07-16 23:30:40 [com.xxl.job.core.thread.TriggerCallbackThread#callbackLog]-[197]-[Thread-80] <br>----------- xxl-job job callback fail, callbackResult:ReturnT [code=500, msg=xxl-rpc remoting fail, StatusCode(404) invalid. for url : http://localhost:8080/xxl-job-admin/api/callback, content=null]
2026-07-16 23:31:10 [com.xxl.job.core.thread.TriggerCallbackThread#callbackLog]-[197]-[Thread-80] <br>----------- xxl-job job callback fail, callbackResult:ReturnT [code=500, msg=xxl-rpc remoting fail, StatusCode(404) invalid. for url : http://localhost:8080/xxl-job-admin/api/callback, content=null]
2026-07-16 23:31:40 [com.xxl.job.core.thread.TriggerCallbackThread#callbackLog]-[197]-[Thread-80] <br>----------- xxl-job job callback fail, callbackResult:ReturnT [code=500, msg=xxl-rpc remoting fail, StatusCode(404) invalid. for url : http://localhost:8080/xxl-job-admin/api/callback, content=null]
2026-07-16 23:36:04 [com.xxl.job.core.thread.TriggerCallbackThread#callbackLog]-[197]-[Thread-82] <br>----------- xxl-job job callback fail, callbackResult:ReturnT [code=500, msg=xxl-rpc remoting fail, StatusCode(404) invalid. for url : http://localhost:8080/xxl-job-admin/api/callback, content=null]
2026-07-16 23:36:34 [com.xxl.job.core.thread.TriggerCallbackThread#callbackLog]-[197]-[Thread-82] <br>----------- xxl-job job callback fail, callbackResult:ReturnT [code=500, msg=xxl-rpc remoting fail, StatusCode(404) invalid. for url : http://localhost:8080/xxl-job-admin/api/callback, content=null]
2026-07-16 23:37:12 [com.xxl.job.core.thread.TriggerCallbackThread#callbackLog]-[197]-[Thread-82] <br>----------- xxl-job job callback fail, callbackResult:ReturnT [code=500, msg=xxl-rpc remoting fail, StatusCode(404) invalid. for url : http://localhost:8080/xxl-job-admin/api/callback, content=null]
2026-07-16 23:37:42 [com.xxl.job.core.thread.TriggerCallbackThread#callbackLog]-[197]-[Thread-82] <br>----------- xxl-job job callback fail, callbackResult:ReturnT [code=500, msg=xxl-rpc remoting fail, StatusCode(404) invalid. for url : http://localhost:8080/xxl-job-admin/api/callback, content=null]
2026-07-16 23:38:12 [com.xxl.job.core.thread.TriggerCallbackThread#callbackLog]-[197]-[Thread-82] <br>----------- xxl-job job callback fail, callbackResult:ReturnT [code=500, msg=xxl-rpc remoting fail, StatusCode(404) invalid. for url : http://localhost:8080/xxl-job-admin/api/callback, content=null]
2026-07-16 23:39:08 [com.xxl.job.core.thread.TriggerCallbackThread#callbackLog]-[197]-[Thread-82] <br>----------- xxl-job job callback fail, callbackResult:ReturnT [code=500, msg=xxl-rpc remoting fail, StatusCode(404) invalid. for url : http://localhost:8080/xxl-job-admin/api/callback, content=null]
2026-07-16 23:39:40 [com.xxl.job.core.thread.TriggerCallbackThread#callbackLog]-[197]-[Thread-82] <br>----------- xxl-job job callback fail, callbackResult:ReturnT [code=500, msg=xxl-rpc remoting fail, StatusCode(404) invalid. for url : http://localhost:8080/xxl-job-admin/api/callback, content=null]
2026-07-16 23:40:10 [com.xxl.job.core.thread.TriggerCallbackThread#callbackLog]-[197]-[Thread-82] <br>----------- xxl-job job callback fail, callbackResult:ReturnT [code=500, msg=xxl-rpc remoting fail, StatusCode(404) invalid. for url : http://localhost:8080/xxl-job-admin/api/callback, content=null]
2026-07-16 23:40:40 [com.xxl.job.core.thread.TriggerCallbackThread#callbackLog]-[197]-[Thread-82] <br>----------- xxl-job job callback fail, callbackResult:ReturnT [code=500, msg=xxl-rpc remoting fail, StatusCode(404) invalid. for url : http://localhost:8080/xxl-job-admin/api/callback, content=null]
2026-07-16 23:41:10 [com.xxl.job.core.thread.TriggerCallbackThread#callbackLog]-[197]-[Thread-82] <br>----------- xxl-job job callback fail, callbackResult:ReturnT [code=500, msg=xxl-rpc remoting fail, StatusCode(404) invalid. for url : http://localhost:8080/xxl-job-admin/api/callback, content=null]
2026-07-16 23:41:40 [com.xxl.job.core.thread.TriggerCallbackThread#callbackLog]-[197]-[Thread-82] <br>----------- xxl-job job callback fail, callbackResult:ReturnT [code=500, msg=xxl-rpc remoting fail, StatusCode(404) invalid. for url : http://localhost:8080/xxl-job-admin/api/callback, content=null]
2026-07-16 23:42:11 [com.xxl.job.core.thread.TriggerCallbackThread#callbackLog]-[197]-[Thread-82] <br>----------- xxl-job job callback fail, callbackResult:ReturnT [code=500, msg=xxl-rpc remoting fail, StatusCode(404) invalid. for url : http://localhost:8080/xxl-job-admin/api/callback, content=null]
2026-07-16 23:42:41 [com.xxl.job.core.thread.TriggerCallbackThread#callbackLog]-[197]-[Thread-82] <br>----------- xxl-job job callback fail, callbackResult:ReturnT [code=500, msg=xxl-rpc remoting fail, StatusCode(404) invalid. for url : http://localhost:8080/xxl-job-admin/api/callback, content=null]
2026-07-16 23:43:11 [com.xxl.job.core.thread.TriggerCallbackThread#callbackLog]-[197]-[Thread-82] <br>----------- xxl-job job callback fail, callbackResult:ReturnT [code=500, msg=xxl-rpc remoting fail, StatusCode(404) invalid. for url : http://localhost:8080/xxl-job-admin/api/callback, content=null]
2026-07-16 23:43:41 [com.xxl.job.core.thread.TriggerCallbackThread#callbackLog]-[197]-[Thread-82] <br>----------- xxl-job job callback fail, callbackResult:ReturnT [code=500, msg=xxl-rpc remoting fail, StatusCode(404) invalid. for url : http://localhost:8080/xxl-job-admin/api/callback, content=null]
2026-07-16 23:44:11 [com.xxl.job.core.thread.TriggerCallbackThread#callbackLog]-[197]-[Thread-82] <br>----------- xxl-job job callback fail, callbackResult:ReturnT [code=500, msg=xxl-rpc remoting fail, StatusCode(404) invalid. for url : http://localhost:8080/xxl-job-admin/api/callback, content=null]
2026-07-16 23:44:41 [com.xxl.job.core.thread.TriggerCallbackThread#callbackLog]-[197]-[Thread-82] <br>----------- xxl-job job callback fail, callbackResult:ReturnT [code=500, msg=xxl-rpc remoting fail, StatusCode(404) invalid. for url : http://localhost:8080/xxl-job-admin/api/callback, content=null]
2026-07-16 23:45:11 [com.xxl.job.core.thread.TriggerCallbackThread#callbackLog]-[197]-[Thread-82] <br>----------- xxl-job job callback fail, callbackResult:ReturnT [code=500, msg=xxl-rpc remoting fail, StatusCode(404) invalid. for url : http://localhost:8080/xxl-job-admin/api/callback, content=null]
2026-07-16 23:45:41 [com.xxl.job.core.thread.TriggerCallbackThread#callbackLog]-[197]-[Thread-82] <br>----------- xxl-job job callback fail, callbackResult:ReturnT [code=500, msg=xxl-rpc remoting fail, StatusCode(404) invalid. for url : http://localhost:8080/xxl-job-admin/api/callback, content=null]
2026-07-16 23:46:11 [com.xxl.job.core.thread.TriggerCallbackThread#callbackLog]-[197]-[Thread-82] <br>----------- xxl-job job callback fail, callbackResult:ReturnT [code=500, msg=xxl-rpc remoting fail, StatusCode(404) invalid. for url : http://localhost:8080/xxl-job-admin/api/callback, content=null]
2026-07-16 23:46:41 [com.xxl.job.core.thread.TriggerCallbackThread#callbackLog]-[197]-[Thread-82] <br>----------- xxl-job job callback fail, callbackResult:ReturnT [code=500, msg=xxl-rpc remoting fail, StatusCode(404) invalid. for url : http://localhost:8080/xxl-job-admin/api/callback, content=null]
2026-07-16 23:47:11 [com.xxl.job.core.thread.TriggerCallbackThread#callbackLog]-[197]-[Thread-82] <br>----------- xxl-job job callback fail, callbackResult:ReturnT [code=500, msg=xxl-rpc remoting fail, StatusCode(404) invalid. for url : http://localhost:8080/xxl-job-admin/api/callback, content=null]
2026-07-16 23:47:41 [com.xxl.job.core.thread.TriggerCallbackThread#callbackLog]-[197]-[Thread-82] <br>----------- xxl-job job callback fail, callbackResult:ReturnT [code=500, msg=xxl-rpc remoting fail, StatusCode(404) invalid. for url : http://localhost:8080/xxl-job-admin/api/callback, content=null]
2026-07-16 23:48:11 [com.xxl.job.core.thread.TriggerCallbackThread#callbackLog]-[197]-[Thread-82] <br>----------- xxl-job job callback fail, callbackResult:ReturnT [code=500, msg=xxl-rpc remoting fail, StatusCode(404) invalid. for url : http://localhost:8080/xxl-job-admin/api/callback, content=null]
2026-07-16 23:48:41 [com.xxl.job.core.thread.TriggerCallbackThread#callbackLog]-[197]-[Thread-82] <br>----------- xxl-job job callback fail, callbackResult:ReturnT [code=500, msg=xxl-rpc remoting fail, StatusCode(404) invalid. for url : http://localhost:8080/xxl-job-admin/api/callback, content=null]
2026-07-16 23:49:11 [com.xxl.job.core.thread.TriggerCallbackThread#callbackLog]-[197]-[Thread-82] <br>----------- xxl-job job callback fail, callbackResult:ReturnT [code=500, msg=xxl-rpc remoting fail, StatusCode(404) invalid. for url : http://localhost:8080/xxl-job-admin/api/callback, content=null]
2026-07-16 23:49:41 [com.xxl.job.core.thread.TriggerCallbackThread#callbackLog]-[197]-[Thread-82] <br>----------- xxl-job job callback fail, callbackResult:ReturnT [code=500, msg=xxl-rpc remoting fail, StatusCode(404) invalid. for url : http://localhost:8080/xxl-job-admin/api/callback, content=null]
2026-07-16 23:50:11 [com.xxl.job.core.thread.TriggerCallbackThread#callbackLog]-[197]-[Thread-82] <br>----------- xxl-job job callback fail, callbackResult:ReturnT [code=500, msg=xxl-rpc remoting fail, StatusCode(404) invalid. for url : http://localhost:8080/xxl-job-admin/api/callback, content=null]
2026-07-16 23:50:41 [com.xxl.job.core.thread.TriggerCallbackThread#callbackLog]-[197]-[Thread-82] <br>----------- xxl-job job callback fail, callbackResult:ReturnT [code=500, msg=xxl-rpc remoting fail, StatusCode(404) invalid. for url : http://localhost:8080/xxl-job-admin/api/callback, content=null]
2026-07-16 23:51:11 [com.xxl.job.core.thread.TriggerCallbackThread#callbackLog]-[197]-[Thread-82] <br>----------- xxl-job job callback fail, callbackResult:ReturnT [code=500, msg=xxl-rpc remoting fail, StatusCode(404) invalid. for url : http://localhost:8080/xxl-job-admin/api/callback, content=null]
2026-07-16 23:51:41 [com.xxl.job.core.thread.TriggerCallbackThread#callbackLog]-[197]-[Thread-82] <br>----------- xxl-job job callback fail, callbackResult:ReturnT [code=500, msg=xxl-rpc remoting fail, StatusCode(404) invalid. for url : http://localhost:8080/xxl-job-admin/api/callback, content=null]
2026-07-16 23:52:11 [com.xxl.job.core.thread.TriggerCallbackThread#callbackLog]-[197]-[Thread-82] <br>----------- xxl-job job callback fail, callbackResult:ReturnT [code=500, msg=xxl-rpc remoting fail, StatusCode(404) invalid. for url : http://localhost:8080/xxl-job-admin/api/callback, content=null]
2026-07-16 23:52:41 [com.xxl.job.core.thread.TriggerCallbackThread#callbackLog]-[197]-[Thread-82] <br>----------- xxl-job job callback fail, callbackResult:ReturnT [code=500, msg=xxl-rpc remoting fail, StatusCode(404) invalid. for url : http://localhost:8080/xxl-job-admin/api/callback, content=null]
2026-07-16 23:53:11 [com.xxl.job.core.thread.TriggerCallbackThread#callbackLog]-[197]-[Thread-82] <br>----------- xxl-job job callback fail, callbackResult:ReturnT [code=500, msg=xxl-rpc remoting fail, StatusCode(404) invalid. for url : http://localhost:8080/xxl-job-admin/api/callback, content=null]
2026-07-16 23:53:41 [com.xxl.job.core.thread.TriggerCallbackThread#callbackLog]-[197]-[Thread-82] <br>----------- xxl-job job callback fail, callbackResult:ReturnT [code=500, msg=xxl-rpc remoting fail, StatusCode(404) invalid. for url : http://localhost:8080/xxl-job-admin/api/callback, content=null]
2026-07-16 23:54:12 [com.xxl.job.core.thread.TriggerCallbackThread#callbackLog]-[197]-[Thread-82] <br>----------- xxl-job job callback fail, callbackResult:ReturnT [code=500, msg=xxl-rpc remoting fail, StatusCode(404) invalid. for url : http://localhost:8080/xxl-job-admin/api/callback, content=null]
2026-07-16 23:54:42 [com.xxl.job.core.thread.TriggerCallbackThread#callbackLog]-[197]-[Thread-82] <br>----------- xxl-job job callback fail, callbackResult:ReturnT [code=500, msg=xxl-rpc remoting fail, StatusCode(404) invalid. for url : http://localhost:8080/xxl-job-admin/api/callback, content=null]
2026-07-16 23:55:12 [com.xxl.job.core.thread.TriggerCallbackThread#callbackLog]-[197]-[Thread-82] <br>----------- xxl-job job callback fail, callbackResult:ReturnT [code=500, msg=xxl-rpc remoting fail, StatusCode(404) invalid. for url : http://localhost:8080/xxl-job-admin/api/callback, content=null]
2026-07-16 23:55:42 [com.xxl.job.core.thread.TriggerCallbackThread#callbackLog]-[197]-[Thread-82] <br>----------- xxl-job job callback fail, callbackResult:ReturnT [code=500, msg=xxl-rpc remoting fail, StatusCode(404) invalid. for url : http://localhost:8080/xxl-job-admin/api/callback, content=null]
2026-07-16 23:56:12 [com.xxl.job.core.thread.TriggerCallbackThread#callbackLog]-[197]-[Thread-82] <br>----------- xxl-job job callback fail, callbackResult:ReturnT [code=500, msg=xxl-rpc remoting fail, StatusCode(404) invalid. for url : http://localhost:8080/xxl-job-admin/api/callback, content=null]
2026-07-16 23:56:42 [com.xxl.job.core.thread.TriggerCallbackThread#callbackLog]-[197]-[Thread-82] <br>----------- xxl-job job callback fail, callbackResult:ReturnT [code=500, msg=xxl-rpc remoting fail, StatusCode(404) invalid. for url : http://localhost:8080/xxl-job-admin/api/callback, content=null]
2026-07-16 23:57:18 [com.xxl.job.core.thread.TriggerCallbackThread#callbackLog]-[197]-[Thread-77] <br>----------- xxl-job job callback fail, callbackResult:ReturnT [code=500, msg=xxl-rpc remoting fail, StatusCode(404) invalid. for url : http://localhost:8080/xxl-job-admin/api/callback, content=null]
2026-07-17 11:06:17 [com.xxl.job.core.thread.TriggerCallbackThread#callbackLog]-[197]-[Thread-81] <br>----------- xxl-job job callback fail, callbackResult:ReturnT [code=500, msg=xxl-rpc remoting error(Connection refused: connect), for url : http://localhost:8080/xxl-job-admin/api/callback, content=null]
2026-07-17 11:07:35 [com.xxl.job.core.thread.TriggerCallbackThread#callbackLog]-[197]-[Thread-81] <br>----------- xxl-job job callback fail, callbackResult:ReturnT [code=500, msg=xxl-rpc remoting error(Connection refused: connect), for url : http://localhost:8080/xxl-job-admin/api/callback, content=null]
2026-07-17 11:10:40 [com.xxl.job.core.thread.TriggerCallbackThread#callbackLog]-[197]-[Thread-81] <br>----------- xxl-job job callback fail, callbackResult:ReturnT [code=500, msg=xxl-rpc remoting error(Connection refused: connect), for url : http://localhost:8080/xxl-job-admin/api/callback, content=null]
2026-07-17 11:11:28 [com.xxl.job.core.thread.TriggerCallbackThread#callbackLog]-[197]-[Thread-81] <br>----------- xxl-job job callback fail, callbackResult:ReturnT [code=500, msg=xxl-rpc remoting error(Connection refused: connect), for url : http://localhost:8080/xxl-job-admin/api/callback, content=null]
2026-07-17 11:12:17 [com.xxl.job.core.thread.TriggerCallbackThread#callbackLog]-[197]-[Thread-81] <br>----------- xxl-job job callback fail, callbackResult:ReturnT [code=500, msg=xxl-rpc remoting error(Connection refused: connect), for url : http://localhost:8080/xxl-job-admin/api/callback, content=null]
2026-07-17 11:13:05 [com.xxl.job.core.thread.TriggerCallbackThread#callbackLog]-[197]-[Thread-81] <br>----------- xxl-job job callback fail, callbackResult:ReturnT [code=500, msg=xxl-rpc remoting error(Connection refused: connect), for url : http://localhost:8080/xxl-job-admin/api/callback, content=null]
2026-07-17 11:13:53 [com.xxl.job.core.thread.TriggerCallbackThread#callbackLog]-[197]-[Thread-81] <br>----------- xxl-job job callback fail, callbackResult:ReturnT [code=500, msg=xxl-rpc remoting error(Connection refused: connect), for url : http://localhost:8080/xxl-job-admin/api/callback, content=null]
2026-07-17 11:14:42 [com.xxl.job.core.thread.TriggerCallbackThread#callbackLog]-[197]-[Thread-81] <br>----------- xxl-job job callback fail, callbackResult:ReturnT [code=500, msg=xxl-rpc remoting error(Connection refused: connect), for url : http://localhost:8080/xxl-job-admin/api/callback, content=null]
2026-07-17 11:15:30 [com.xxl.job.core.thread.TriggerCallbackThread#callbackLog]-[197]-[Thread-81] <br>----------- xxl-job job callback fail, callbackResult:ReturnT [code=500, msg=xxl-rpc remoting error(Connection refused: connect), for url : http://localhost:8080/xxl-job-admin/api/callback, content=null]
2026-07-17 11:16:19 [com.xxl.job.core.thread.TriggerCallbackThread#callbackLog]-[197]-[Thread-81] <br>----------- xxl-job job callback fail, callbackResult:ReturnT [code=500, msg=xxl-rpc remoting error(Connection refused: connect), for url : http://localhost:8080/xxl-job-admin/api/callback, content=null]
2026-07-17 11:17:07 [com.xxl.job.core.thread.TriggerCallbackThread#callbackLog]-[197]-[Thread-81] <br>----------- xxl-job job callback fail, callbackResult:ReturnT [code=500, msg=xxl-rpc remoting error(Connection refused: connect), for url : http://localhost:8080/xxl-job-admin/api/callback, content=null]
2026-07-17 11:17:55 [com.xxl.job.core.thread.TriggerCallbackThread#callbackLog]-[197]-[Thread-81] <br>----------- xxl-job job callback fail, callbackResult:ReturnT [code=500, msg=xxl-rpc remoting error(Connection refused: connect), for url : http://localhost:8080/xxl-job-admin/api/callback, content=null]
2026-07-17 11:18:44 [com.xxl.job.core.thread.TriggerCallbackThread#callbackLog]-[197]-[Thread-81] <br>----------- xxl-job job callback fail, callbackResult:ReturnT [code=500, msg=xxl-rpc remoting error(Connection refused: connect), for url : http://localhost:8080/xxl-job-admin/api/callback, content=null]
2026-07-17 11:19:32 [com.xxl.job.core.thread.TriggerCallbackThread#callbackLog]-[197]-[Thread-81] <br>----------- xxl-job job callback fail, callbackResult:ReturnT [code=500, msg=xxl-rpc remoting error(Connection refused: connect), for url : http://localhost:8080/xxl-job-admin/api/callback, content=null]
2026-07-17 11:20:20 [com.xxl.job.core.thread.TriggerCallbackThread#callbackLog]-[197]-[Thread-81] <br>----------- xxl-job job callback fail, callbackResult:ReturnT [code=500, msg=xxl-rpc remoting error(Connection refused: connect), for url : http://localhost:8080/xxl-job-admin/api/callback, content=null]
2026-07-17 11:21:09 [com.xxl.job.core.thread.TriggerCallbackThread#callbackLog]-[197]-[Thread-81] <br>----------- xxl-job job callback fail, callbackResult:ReturnT [code=500, msg=xxl-rpc remoting error(Connection refused: connect), for url : http://localhost:8080/xxl-job-admin/api/callback, content=null]
2026-07-17 11:21:57 [com.xxl.job.core.thread.TriggerCallbackThread#callbackLog]-[197]-[Thread-81] <br>----------- xxl-job job callback fail, callbackResult:ReturnT [code=500, msg=xxl-rpc remoting error(Connection refused: connect), for url : http://localhost:8080/xxl-job-admin/api/callback, content=null]
2026-07-17 11:22:45 [com.xxl.job.core.thread.TriggerCallbackThread#callbackLog]-[197]-[Thread-81] <br>----------- xxl-job job callback fail, callbackResult:ReturnT [code=500, msg=xxl-rpc remoting error(Connection refused: connect), for url : http://localhost:8080/xxl-job-admin/api/callback, content=null]
2026-07-17 11:23:34 [com.xxl.job.core.thread.TriggerCallbackThread#callbackLog]-[197]-[Thread-81] <br>----------- xxl-job job callback fail, callbackResult:ReturnT [code=500, msg=xxl-rpc remoting error(Connection refused: connect), for url : http://localhost:8080/xxl-job-admin/api/callback, content=null]
2026-07-17 11:24:23 [com.xxl.job.core.thread.TriggerCallbackThread#callbackLog]-[197]-[Thread-81] <br>----------- xxl-job job callback fail, callbackResult:ReturnT [code=500, msg=xxl-rpc remoting error(Connection refused: connect), for url : http://localhost:8080/xxl-job-admin/api/callback, content=null]
2026-07-17 11:25:11 [com.xxl.job.core.thread.TriggerCallbackThread#callbackLog]-[197]-[Thread-81] <br>----------- xxl-job job callback fail, callbackResult:ReturnT [code=500, msg=xxl-rpc remoting error(Connection refused: connect), for url : http://localhost:8080/xxl-job-admin/api/callback, content=null]
2026-07-17 11:25:59 [com.xxl.job.core.thread.TriggerCallbackThread#callbackLog]-[197]-[Thread-81] <br>----------- xxl-job job callback fail, callbackResult:ReturnT [code=500, msg=xxl-rpc remoting error(Connection refused: connect), for url : http://localhost:8080/xxl-job-admin/api/callback, content=null]
2026-07-17 11:26:48 [com.xxl.job.core.thread.TriggerCallbackThread#callbackLog]-[197]-[Thread-81] <br>----------- xxl-job job callback fail, callbackResult:ReturnT [code=500, msg=xxl-rpc remoting error(Connection refused: connect), for url : http://localhost:8080/xxl-job-admin/api/callback, content=null]
2026-07-17 11:27:36 [com.xxl.job.core.thread.TriggerCallbackThread#callbackLog]-[197]-[Thread-81] <br>----------- xxl-job job callback fail, callbackResult:ReturnT [code=500, msg=xxl-rpc remoting error(Connection refused: connect), for url : http://localhost:8080/xxl-job-admin/api/callback, content=null]
2026-07-17 11:28:25 [com.xxl.job.core.thread.TriggerCallbackThread#callbackLog]-[197]-[Thread-81] <br>----------- xxl-job job callback fail, callbackResult:ReturnT [code=500, msg=xxl-rpc remoting error(Connection refused: connect), for url : http://localhost:8080/xxl-job-admin/api/callback, content=null]
2026-07-17 11:29:13 [com.xxl.job.core.thread.TriggerCallbackThread#callbackLog]-[197]-[Thread-81] <br>----------- xxl-job job callback fail, callbackResult:ReturnT [code=500, msg=xxl-rpc remoting error(Connection refused: connect), for url : http://localhost:8080/xxl-job-admin/api/callback, content=null]
2026-07-17 11:30:01 [com.xxl.job.core.thread.TriggerCallbackThread#callbackLog]-[197]-[Thread-81] <br>----------- xxl-job job callback fail, callbackResult:ReturnT [code=500, msg=xxl-rpc remoting error(Connection refused: connect), for url : http://localhost:8080/xxl-job-admin/api/callback, content=null]
2026-07-17 11:30:50 [com.xxl.job.core.thread.TriggerCallbackThread#callbackLog]-[197]-[Thread-81] <br>----------- xxl-job job callback fail, callbackResult:ReturnT [code=500, msg=xxl-rpc remoting error(Connection refused: connect), for url : http://localhost:8080/xxl-job-admin/api/callback, content=null]
2026-07-17 11:31:38 [com.xxl.job.core.thread.TriggerCallbackThread#callbackLog]-[197]-[Thread-81] <br>----------- xxl-job job callback fail, callbackResult:ReturnT [code=500, msg=xxl-rpc remoting error(Connection refused: connect), for url : http://localhost:8080/xxl-job-admin/api/callback, content=null]
2026-07-17 11:32:26 [com.xxl.job.core.thread.TriggerCallbackThread#callbackLog]-[197]-[Thread-81] <br>----------- xxl-job job callback fail, callbackResult:ReturnT [code=500, msg=xxl-rpc remoting error(Connection refused: connect), for url : http://localhost:8080/xxl-job-admin/api/callback, content=null]
2026-07-17 11:33:15 [com.xxl.job.core.thread.TriggerCallbackThread#callbackLog]-[197]-[Thread-81] <br>----------- xxl-job job callback fail, callbackResult:ReturnT [code=500, msg=xxl-rpc remoting error(Connection refused: connect), for url : http://localhost:8080/xxl-job-admin/api/callback, content=null]
2026-07-17 11:34:03 [com.xxl.job.core.thread.TriggerCallbackThread#callbackLog]-[197]-[Thread-81] <br>----------- xxl-job job callback fail, callbackResult:ReturnT [code=500, msg=xxl-rpc remoting error(Connection refused: connect), for url : http://localhost:8080/xxl-job-admin/api/callback, content=null]
2026-07-17 11:34:51 [com.xxl.job.core.thread.TriggerCallbackThread#callbackLog]-[197]-[Thread-81] <br>----------- xxl-job job callback fail, callbackResult:ReturnT [code=500, msg=xxl-rpc remoting error(Connection refused: connect), for url : http://localhost:8080/xxl-job-admin/api/callback, content=null]
2026-07-17 11:35:40 [com.xxl.job.core.thread.TriggerCallbackThread#callbackLog]-[197]-[Thread-81] <br>----------- xxl-job job callback fail, callbackResult:ReturnT [code=500, msg=xxl-rpc remoting error(Connection refused: connect), for url : http://localhost:8080/xxl-job-admin/api/callback, content=null]
2026-07-17 11:36:28 [com.xxl.job.core.thread.TriggerCallbackThread#callbackLog]-[197]-[Thread-81] <br>----------- xxl-job job callback fail, callbackResult:ReturnT [code=500, msg=xxl-rpc remoting error(Connection refused: connect), for url : http://localhost:8080/xxl-job-admin/api/callback, content=null]
2026-07-17 11:37:16 [com.xxl.job.core.thread.TriggerCallbackThread#callbackLog]-[197]-[Thread-81] <br>----------- xxl-job job callback fail, callbackResult:ReturnT [code=500, msg=xxl-rpc remoting error(Connection refused: connect), for url : http://localhost:8080/xxl-job-admin/api/callback, content=null]
2026-07-17 13:31:16 [com.xxl.job.core.thread.TriggerCallbackThread#callbackLog]-[197]-[Thread-81] <br>----------- xxl-job job callback fail, callbackResult:ReturnT [code=500, msg=xxl-rpc remoting error(Connection refused: connect), for url : http://localhost:8080/xxl-job-admin/api/callback, content=null]
2026-07-17 13:32:04 [com.xxl.job.core.thread.TriggerCallbackThread#callbackLog]-[197]-[Thread-81] <br>----------- xxl-job job callback fail, callbackResult:ReturnT [code=500, msg=xxl-rpc remoting error(Connection refused: connect), for url : http://localhost:8080/xxl-job-admin/api/callback, content=null]
2026-07-17 13:32:52 [com.xxl.job.core.thread.TriggerCallbackThread#callbackLog]-[197]-[Thread-81] <br>----------- xxl-job job callback fail, callbackResult:ReturnT [code=500, msg=xxl-rpc remoting error(Connection refused: connect), for url : http://localhost:8080/xxl-job-admin/api/callback, content=null]
2026-07-17 13:33:41 [com.xxl.job.core.thread.TriggerCallbackThread#callbackLog]-[197]-[Thread-81] <br>----------- xxl-job job callback fail, callbackResult:ReturnT [code=500, msg=xxl-rpc remoting error(Connection refused: connect), for url : http://localhost:8080/xxl-job-admin/api/callback, content=null]
2026-07-17 13:34:29 [com.xxl.job.core.thread.TriggerCallbackThread#callbackLog]-[197]-[Thread-81] <br>----------- xxl-job job callback fail, callbackResult:ReturnT [code=500, msg=xxl-rpc remoting error(Connection refused: connect), for url : http://localhost:8080/xxl-job-admin/api/callback, content=null]
2026-07-17 13:35:17 [com.xxl.job.core.thread.TriggerCallbackThread#callbackLog]-[197]-[Thread-81] <br>----------- xxl-job job callback fail, callbackResult:ReturnT [code=500, msg=xxl-rpc remoting error(Connection refused: connect), for url : http://localhost:8080/xxl-job-admin/api/callback, content=null]
2026-07-17 13:36:06 [com.xxl.job.core.thread.TriggerCallbackThread#callbackLog]-[197]-[Thread-81] <br>----------- xxl-job job callback fail, callbackResult:ReturnT [code=500, msg=xxl-rpc remoting error(Connection refused: connect), for url : http://localhost:8080/xxl-job-admin/api/callback, content=null]
2026-07-17 13:36:54 [com.xxl.job.core.thread.TriggerCallbackThread#callbackLog]-[197]-[Thread-81] <br>----------- xxl-job job callback fail, callbackResult:ReturnT [code=500, msg=xxl-rpc remoting error(Connection refused: connect), for url : http://localhost:8080/xxl-job-admin/api/callback, content=null]
2026-07-17 13:37:42 [com.xxl.job.core.thread.TriggerCallbackThread#callbackLog]-[197]-[Thread-81] <br>----------- xxl-job job callback fail, callbackResult:ReturnT [code=500, msg=xxl-rpc remoting error(Connection refused: connect), for url : http://localhost:8080/xxl-job-admin/api/callback, content=null]
2026-07-17 13:38:31 [com.xxl.job.core.thread.TriggerCallbackThread#callbackLog]-[197]-[Thread-81] <br>----------- xxl-job job callback fail, callbackResult:ReturnT [code=500, msg=xxl-rpc remoting error(Connection refused: connect), for url : http://localhost:8080/xxl-job-admin/api/callback, content=null]
2026-07-17 13:39:19 [com.xxl.job.core.thread.TriggerCallbackThread#callbackLog]-[197]-[Thread-81] <br>----------- xxl-job job callback fail, callbackResult:ReturnT [code=500, msg=xxl-rpc remoting error(Connection refused: connect), for url : http://localhost:8080/xxl-job-admin/api/callback, content=null]
2026-07-17 13:40:07 [com.xxl.job.core.thread.TriggerCallbackThread#callbackLog]-[197]-[Thread-81] <br>----------- xxl-job job callback fail, callbackResult:ReturnT [code=500, msg=xxl-rpc remoting error(Connection refused: connect), for url : http://localhost:8080/xxl-job-admin/api/callback, content=null]
2026-07-17 13:40:56 [com.xxl.job.core.thread.TriggerCallbackThread#callbackLog]-[197]-[Thread-81] <br>----------- xxl-job job callback fail, callbackResult:ReturnT [code=500, msg=xxl-rpc remoting error(Connection refused: connect), for url : http://localhost:8080/xxl-job-admin/api/callback, content=null]
2026-07-17 13:41:44 [com.xxl.job.core.thread.TriggerCallbackThread#callbackLog]-[197]-[Thread-81] <br>----------- xxl-job job callback fail, callbackResult:ReturnT [code=500, msg=xxl-rpc remoting error(Connection refused: connect), for url : http://localhost:8080/xxl-job-admin/api/callback, content=null]
2026-07-17 13:42:33 [com.xxl.job.core.thread.TriggerCallbackThread#callbackLog]-[197]-[Thread-81] <br>----------- xxl-job job callback fail, callbackResult:ReturnT [code=500, msg=xxl-rpc remoting error(Connection refused: connect), for url : http://localhost:8080/xxl-job-admin/api/callback, content=null]
2026-07-17 13:43:47 [com.xxl.job.core.thread.TriggerCallbackThread#callbackLog]-[197]-[Thread-98] <br>----------- xxl-job job callback fail, callbackResult:ReturnT [code=500, msg=xxl-rpc remoting fail, StatusCode(404) invalid. for url : http://localhost:8080/xxl-job-admin/api/callback, content=null]
2026-07-17 13:44:17 [com.xxl.job.core.thread.TriggerCallbackThread#callbackLog]-[197]-[Thread-98] <br>----------- xxl-job job callback fail, callbackResult:ReturnT [code=500, msg=xxl-rpc remoting fail, StatusCode(404) invalid. for url : http://localhost:8080/xxl-job-admin/api/callback, content=null]
2026-07-17 13:44:47 [com.xxl.job.core.thread.TriggerCallbackThread#callbackLog]-[197]-[Thread-98] <br>----------- xxl-job job callback fail, callbackResult:ReturnT [code=500, msg=xxl-rpc remoting fail, StatusCode(404) invalid. for url : http://localhost:8080/xxl-job-admin/api/callback, content=null]
2026-07-17 13:45:17 [com.xxl.job.core.thread.TriggerCallbackThread#callbackLog]-[197]-[Thread-98] <br>----------- xxl-job job callback fail, callbackResult:ReturnT [code=500, msg=xxl-rpc remoting fail, StatusCode(404) invalid. for url : http://localhost:8080/xxl-job-admin/api/callback, content=null]
2026-07-17 13:45:47 [com.xxl.job.core.thread.TriggerCallbackThread#callbackLog]-[197]-[Thread-98] <br>----------- xxl-job job callback fail, callbackResult:ReturnT [code=500, msg=xxl-rpc remoting fail, StatusCode(404) invalid. for url : http://localhost:8080/xxl-job-admin/api/callback, content=null]
2026-07-17 13:46:17 [com.xxl.job.core.thread.TriggerCallbackThread#callbackLog]-[197]-[Thread-98] <br>----------- xxl-job job callback fail, callbackResult:ReturnT [code=500, msg=xxl-rpc remoting fail, StatusCode(404) invalid. for url : http://localhost:8080/xxl-job-admin/api/callback, content=null]
2026-07-17 13:46:47 [com.xxl.job.core.thread.TriggerCallbackThread#callbackLog]-[197]-[Thread-98] <br>----------- xxl-job job callback fail, callbackResult:ReturnT [code=500, msg=xxl-rpc remoting fail, StatusCode(404) invalid. for url : http://localhost:8080/xxl-job-admin/api/callback, content=null]
2026-07-17 13:47:18 [com.xxl.job.core.thread.TriggerCallbackThread#callbackLog]-[197]-[Thread-98] <br>----------- xxl-job job callback fail, callbackResult:ReturnT [code=500, msg=xxl-rpc remoting fail, StatusCode(404) invalid. for url : http://localhost:8080/xxl-job-admin/api/callback, content=null]
2026-07-17 13:47:48 [com.xxl.job.core.thread.TriggerCallbackThread#callbackLog]-[197]-[Thread-98] <br>----------- xxl-job job callback fail, callbackResult:ReturnT [code=500, msg=xxl-rpc remoting fail, StatusCode(404) invalid. for url : http://localhost:8080/xxl-job-admin/api/callback, content=null]
2026-07-17 13:48:18 [com.xxl.job.core.thread.TriggerCallbackThread#callbackLog]-[197]-[Thread-98] <br>----------- xxl-job job callback fail, callbackResult:ReturnT [code=500, msg=xxl-rpc remoting fail, StatusCode(404) invalid. for url : http://localhost:8080/xxl-job-admin/api/callback, content=null]
2026-07-17 13:48:48 [com.xxl.job.core.thread.TriggerCallbackThread#callbackLog]-[197]-[Thread-98] <br>----------- xxl-job job callback fail, callbackResult:ReturnT [code=500, msg=xxl-rpc remoting fail, StatusCode(404) invalid. for url : http://localhost:8080/xxl-job-admin/api/callback, content=null]
2026-07-17 13:49:18 [com.xxl.job.core.thread.TriggerCallbackThread#callbackLog]-[197]-[Thread-98] <br>----------- xxl-job job callback fail, callbackResult:ReturnT [code=500, msg=xxl-rpc remoting fail, StatusCode(404) invalid. for url : http://localhost:8080/xxl-job-admin/api/callback, content=null]
2026-07-17 13:49:49 [com.xxl.job.core.thread.TriggerCallbackThread#callbackLog]-[197]-[Thread-98] <br>----------- xxl-job job callback fail, callbackResult:ReturnT [code=500, msg=xxl-rpc remoting fail, StatusCode(404) invalid. for url : http://localhost:8080/xxl-job-admin/api/callback, content=null]
2026-07-17 13:50:19 [com.xxl.job.core.thread.TriggerCallbackThread#callbackLog]-[197]-[Thread-98] <br>----------- xxl-job job callback fail, callbackResult:ReturnT [code=500, msg=xxl-rpc remoting fail, StatusCode(404) invalid. for url : http://localhost:8080/xxl-job-admin/api/callback, content=null]
2026-07-17 13:50:49 [com.xxl.job.core.thread.TriggerCallbackThread#callbackLog]-[197]-[Thread-98] <br>----------- xxl-job job callback fail, callbackResult:ReturnT [code=500, msg=xxl-rpc remoting fail, StatusCode(404) invalid. for url : http://localhost:8080/xxl-job-admin/api/callback, content=null]
2026-07-17 13:51:19 [com.xxl.job.core.thread.TriggerCallbackThread#callbackLog]-[197]-[Thread-98] <br>----------- xxl-job job callback fail, callbackResult:ReturnT [code=500, msg=xxl-rpc remoting fail, StatusCode(404) invalid. for url : http://localhost:8080/xxl-job-admin/api/callback, content=null]
2026-07-17 13:51:49 [com.xxl.job.core.thread.TriggerCallbackThread#callbackLog]-[197]-[Thread-98] <br>----------- xxl-job job callback fail, callbackResult:ReturnT [code=500, msg=xxl-rpc remoting fail, StatusCode(404) invalid. for url : http://localhost:8080/xxl-job-admin/api/callback, content=null]
2026-07-17 13:52:19 [com.xxl.job.core.thread.TriggerCallbackThread#callbackLog]-[197]-[Thread-98] <br>----------- xxl-job job callback fail, callbackResult:ReturnT [code=500, msg=xxl-rpc remoting fail, StatusCode(404) invalid. for url : http://localhost:8080/xxl-job-admin/api/callback, content=null]
2026-07-17 13:52:49 [com.xxl.job.core.thread.TriggerCallbackThread#callbackLog]-[197]-[Thread-98] <br>----------- xxl-job job callback fail, callbackResult:ReturnT [code=500, msg=xxl-rpc remoting fail, StatusCode(404) invalid. for url : http://localhost:8080/xxl-job-admin/api/callback, content=null]
2026-07-17 13:53:19 [com.xxl.job.core.thread.TriggerCallbackThread#callbackLog]-[197]-[Thread-98] <br>----------- xxl-job job callback fail, callbackResult:ReturnT [code=500, msg=xxl-rpc remoting fail, StatusCode(404) invalid. for url : http://localhost:8080/xxl-job-admin/api/callback, content=null]
2026-07-17 13:53:49 [com.xxl.job.core.thread.TriggerCallbackThread#callbackLog]-[197]-[Thread-98] <br>----------- xxl-job job callback fail, callbackResult:ReturnT [code=500, msg=xxl-rpc remoting fail, StatusCode(404) invalid. for url : http://localhost:8080/xxl-job-admin/api/callback, content=null]
2026-07-17 13:54:19 [com.xxl.job.core.thread.TriggerCallbackThread#callbackLog]-[197]-[Thread-98] <br>----------- xxl-job job callback fail, callbackResult:ReturnT [code=500, msg=xxl-rpc remoting fail, StatusCode(404) invalid. for url : http://localhost:8080/xxl-job-admin/api/callback, content=null]
2026-07-17 13:54:49 [com.xxl.job.core.thread.TriggerCallbackThread#callbackLog]-[197]-[Thread-98] <br>----------- xxl-job job callback fail, callbackResult:ReturnT [code=500, msg=xxl-rpc remoting fail, StatusCode(404) invalid. for url : http://localhost:8080/xxl-job-admin/api/callback, content=null]
2026-07-17 13:55:19 [com.xxl.job.core.thread.TriggerCallbackThread#callbackLog]-[197]-[Thread-98] <br>----------- xxl-job job callback fail, callbackResult:ReturnT [code=500, msg=xxl-rpc remoting fail, StatusCode(404) invalid. for url : http://localhost:8080/xxl-job-admin/api/callback, content=null]
2026-07-17 13:55:49 [com.xxl.job.core.thread.TriggerCallbackThread#callbackLog]-[197]-[Thread-98] <br>----------- xxl-job job callback fail, callbackResult:ReturnT [code=500, msg=xxl-rpc remoting fail, StatusCode(404) invalid. for url : http://localhost:8080/xxl-job-admin/api/callback, content=null]
2026-07-17 13:56:19 [com.xxl.job.core.thread.TriggerCallbackThread#callbackLog]-[197]-[Thread-98] <br>----------- xxl-job job callback fail, callbackResult:ReturnT [code=500, msg=xxl-rpc remoting fail, StatusCode(404) invalid. for url : http://localhost:8080/xxl-job-admin/api/callback, content=null]
2026-07-17 13:56:49 [com.xxl.job.core.thread.TriggerCallbackThread#callbackLog]-[197]-[Thread-98] <br>----------- xxl-job job callback fail, callbackResult:ReturnT [code=500, msg=xxl-rpc remoting fail, StatusCode(404) invalid. for url : http://localhost:8080/xxl-job-admin/api/callback, content=null]
2026-07-17 13:57:19 [com.xxl.job.core.thread.TriggerCallbackThread#callbackLog]-[197]-[Thread-98] <br>----------- xxl-job job callback fail, callbackResult:ReturnT [code=500, msg=xxl-rpc remoting fail, StatusCode(404) invalid. for url : http://localhost:8080/xxl-job-admin/api/callback, content=null]
2026-07-17 13:57:49 [com.xxl.job.core.thread.TriggerCallbackThread#callbackLog]-[197]-[Thread-98] <br>----------- xxl-job job callback fail, callbackResult:ReturnT [code=500, msg=xxl-rpc remoting fail, StatusCode(404) invalid. for url : http://localhost:8080/xxl-job-admin/api/callback, content=null]
2026-07-17 13:58:19 [com.xxl.job.core.thread.TriggerCallbackThread#callbackLog]-[197]-[Thread-98] <br>----------- xxl-job job callback fail, callbackResult:ReturnT [code=500, msg=xxl-rpc remoting fail, StatusCode(404) invalid. for url : http://localhost:8080/xxl-job-admin/api/callback, content=null]
2026-07-17 13:58:50 [com.xxl.job.core.thread.TriggerCallbackThread#callbackLog]-[197]-[Thread-98] <br>----------- xxl-job job callback fail, callbackResult:ReturnT [code=500, msg=xxl-rpc remoting fail, StatusCode(404) invalid. for url : http://localhost:8080/xxl-job-admin/api/callback, content=null]
2026-07-17 13:59:20 [com.xxl.job.core.thread.TriggerCallbackThread#callbackLog]-[197]-[Thread-98] <br>----------- xxl-job job callback fail, callbackResult:ReturnT [code=500, msg=xxl-rpc remoting fail, StatusCode(404) invalid. for url : http://localhost:8080/xxl-job-admin/api/callback, content=null]
2026-07-17 13:59:50 [com.xxl.job.core.thread.TriggerCallbackThread#callbackLog]-[197]-[Thread-98] <br>----------- xxl-job job callback fail, callbackResult:ReturnT [code=500, msg=xxl-rpc remoting fail, StatusCode(404) invalid. for url : http://localhost:8080/xxl-job-admin/api/callback, content=null]
2026-07-17 14:00:20 [com.xxl.job.core.thread.TriggerCallbackThread#callbackLog]-[197]-[Thread-98] <br>----------- xxl-job job callback fail, callbackResult:ReturnT [code=500, msg=xxl-rpc remoting fail, StatusCode(404) invalid. for url : http://localhost:8080/xxl-job-admin/api/callback, content=null]
2026-07-17 14:00:50 [com.xxl.job.core.thread.TriggerCallbackThread#callbackLog]-[197]-[Thread-98] <br>----------- xxl-job job callback fail, callbackResult:ReturnT [code=500, msg=xxl-rpc remoting fail, StatusCode(404) invalid. for url : http://localhost:8080/xxl-job-admin/api/callback, content=null]
2026-07-17 14:01:20 [com.xxl.job.core.thread.TriggerCallbackThread#callbackLog]-[197]-[Thread-98] <br>----------- xxl-job job callback fail, callbackResult:ReturnT [code=500, msg=xxl-rpc remoting fail, StatusCode(404) invalid. for url : http://localhost:8080/xxl-job-admin/api/callback, content=null]
2026-07-17 14:01:50 [com.xxl.job.core.thread.TriggerCallbackThread#callbackLog]-[197]-[Thread-98] <br>----------- xxl-job job callback fail, callbackResult:ReturnT [code=500, msg=xxl-rpc remoting fail, StatusCode(404) invalid. for url : http://localhost:8080/xxl-job-admin/api/callback, content=null]
2026-07-17 14:02:20 [com.xxl.job.core.thread.TriggerCallbackThread#callbackLog]-[197]-[Thread-98] <br>----------- xxl-job job callback fail, callbackResult:ReturnT [code=500, msg=xxl-rpc remoting fail, StatusCode(404) invalid. for url : http://localhost:8080/xxl-job-admin/api/callback, content=null]
2026-07-17 14:02:50 [com.xxl.job.core.thread.TriggerCallbackThread#callbackLog]-[197]-[Thread-98] <br>----------- xxl-job job callback fail, callbackResult:ReturnT [code=500, msg=xxl-rpc remoting fail, StatusCode(404) invalid. for url : http://localhost:8080/xxl-job-admin/api/callback, content=null]
2026-07-17 14:03:20 [com.xxl.job.core.thread.TriggerCallbackThread#callbackLog]-[197]-[Thread-98] <br>----------- xxl-job job callback fail, callbackResult:ReturnT [code=500, msg=xxl-rpc remoting fail, StatusCode(404) invalid. for url : http://localhost:8080/xxl-job-admin/api/callback, content=null]
2026-07-17 14:03:50 [com.xxl.job.core.thread.TriggerCallbackThread#callbackLog]-[197]-[Thread-98] <br>----------- xxl-job job callback fail, callbackResult:ReturnT [code=500, msg=xxl-rpc remoting fail, StatusCode(404) invalid. for url : http://localhost:8080/xxl-job-admin/api/callback, content=null]
2026-07-17 14:04:20 [com.xxl.job.core.thread.TriggerCallbackThread#callbackLog]-[197]-[Thread-98] <br>----------- xxl-job job callback fail, callbackResult:ReturnT [code=500, msg=xxl-rpc remoting fail, StatusCode(404) invalid. for url : http://localhost:8080/xxl-job-admin/api/callback, content=null]
2026-07-17 14:04:50 [com.xxl.job.core.thread.TriggerCallbackThread#callbackLog]-[197]-[Thread-98] <br>----------- xxl-job job callback fail, callbackResult:ReturnT [code=500, msg=xxl-rpc remoting fail, StatusCode(404) invalid. for url : http://localhost:8080/xxl-job-admin/api/callback, content=null]
2026-07-17 14:05:20 [com.xxl.job.core.thread.TriggerCallbackThread#callbackLog]-[197]-[Thread-98] <br>----------- xxl-job job callback fail, callbackResult:ReturnT [code=500, msg=xxl-rpc remoting fail, StatusCode(404) invalid. for url : http://localhost:8080/xxl-job-admin/api/callback, content=null]
2026-07-17 14:05:50 [com.xxl.job.core.thread.TriggerCallbackThread#callbackLog]-[197]-[Thread-98] <br>----------- xxl-job job callback fail, callbackResult:ReturnT [code=500, msg=xxl-rpc remoting fail, StatusCode(404) invalid. for url : http://localhost:8080/xxl-job-admin/api/callback, content=null]
2026-07-17 14:06:20 [com.xxl.job.core.thread.TriggerCallbackThread#callbackLog]-[197]-[Thread-98] <br>----------- xxl-job job callback fail, callbackResult:ReturnT [code=500, msg=xxl-rpc remoting fail, StatusCode(404) invalid. for url : http://localhost:8080/xxl-job-admin/api/callback, content=null]
2026-07-17 14:06:50 [com.xxl.job.core.thread.TriggerCallbackThread#callbackLog]-[197]-[Thread-98] <br>----------- xxl-job job callback fail, callbackResult:ReturnT [code=500, msg=xxl-rpc remoting fail, StatusCode(404) invalid. for url : http://localhost:8080/xxl-job-admin/api/callback, content=null]
2026-07-17 14:07:20 [com.xxl.job.core.thread.TriggerCallbackThread#callbackLog]-[197]-[Thread-98] <br>----------- xxl-job job callback fail, callbackResult:ReturnT [code=500, msg=xxl-rpc remoting fail, StatusCode(404) invalid. for url : http://localhost:8080/xxl-job-admin/api/callback, content=null]
2026-07-17 14:07:50 [com.xxl.job.core.thread.TriggerCallbackThread#callbackLog]-[197]-[Thread-98] <br>----------- xxl-job job callback fail, callbackResult:ReturnT [code=500, msg=xxl-rpc remoting fail, StatusCode(404) invalid. for url : http://localhost:8080/xxl-job-admin/api/callback, content=null]
2026-07-17 14:08:20 [com.xxl.job.core.thread.TriggerCallbackThread#callbackLog]-[197]-[Thread-98] <br>----------- xxl-job job callback fail, callbackResult:ReturnT [code=500, msg=xxl-rpc remoting fail, StatusCode(404) invalid. for url : http://localhost:8080/xxl-job-admin/api/callback, content=null]
2026-07-17 14:08:51 [com.xxl.job.core.thread.TriggerCallbackThread#callbackLog]-[197]-[Thread-98] <br>----------- xxl-job job callback fail, callbackResult:ReturnT [code=500, msg=xxl-rpc remoting fail, StatusCode(404) invalid. for url : http://localhost:8080/xxl-job-admin/api/callback, content=null]
2026-07-17 14:09:21 [com.xxl.job.core.thread.TriggerCallbackThread#callbackLog]-[197]-[Thread-98] <br>----------- xxl-job job callback fail, callbackResult:ReturnT [code=500, msg=xxl-rpc remoting fail, StatusCode(404) invalid. for url : http://localhost:8080/xxl-job-admin/api/callback, content=null]
2026-07-17 14:09:51 [com.xxl.job.core.thread.TriggerCallbackThread#callbackLog]-[197]-[Thread-98] <br>----------- xxl-job job callback fail, callbackResult:ReturnT [code=500, msg=xxl-rpc remoting fail, StatusCode(404) invalid. for url : http://localhost:8080/xxl-job-admin/api/callback, content=null]
2026-07-17 14:10:21 [com.xxl.job.core.thread.TriggerCallbackThread#callbackLog]-[197]-[Thread-98] <br>----------- xxl-job job callback fail, callbackResult:ReturnT [code=500, msg=xxl-rpc remoting fail, StatusCode(404) invalid. for url : http://localhost:8080/xxl-job-admin/api/callback, content=null]
2026-07-17 14:10:51 [com.xxl.job.core.thread.TriggerCallbackThread#callbackLog]-[197]-[Thread-98] <br>----------- xxl-job job callback fail, callbackResult:ReturnT [code=500, msg=xxl-rpc remoting fail, StatusCode(404) invalid. for url : http://localhost:8080/xxl-job-admin/api/callback, content=null]
2026-07-17 14:11:21 [com.xxl.job.core.thread.TriggerCallbackThread#callbackLog]-[197]-[Thread-98] <br>----------- xxl-job job callback fail, callbackResult:ReturnT [code=500, msg=xxl-rpc remoting fail, StatusCode(404) invalid. for url : http://localhost:8080/xxl-job-admin/api/callback, content=null]
2026-07-17 14:11:51 [com.xxl.job.core.thread.TriggerCallbackThread#callbackLog]-[197]-[Thread-98] <br>----------- xxl-job job callback fail, callbackResult:ReturnT [code=500, msg=xxl-rpc remoting fail, StatusCode(404) invalid. for url : http://localhost:8080/xxl-job-admin/api/callback, content=null]
2026-07-17 14:12:21 [com.xxl.job.core.thread.TriggerCallbackThread#callbackLog]-[197]-[Thread-98] <br>----------- xxl-job job callback fail, callbackResult:ReturnT [code=500, msg=xxl-rpc remoting fail, StatusCode(404) invalid. for url : http://localhost:8080/xxl-job-admin/api/callback, content=null]
2026-07-17 14:12:51 [com.xxl.job.core.thread.TriggerCallbackThread#callbackLog]-[197]-[Thread-98] <br>----------- xxl-job job callback fail, callbackResult:ReturnT [code=500, msg=xxl-rpc remoting fail, StatusCode(404) invalid. for url : http://localhost:8080/xxl-job-admin/api/callback, content=null]
2026-07-17 14:13:21 [com.xxl.job.core.thread.TriggerCallbackThread#callbackLog]-[197]-[Thread-98] <br>----------- xxl-job job callback fail, callbackResult:ReturnT [code=500, msg=xxl-rpc remoting fail, StatusCode(404) invalid. for url : http://localhost:8080/xxl-job-admin/api/callback, content=null]
2026-07-17 14:13:51 [com.xxl.job.core.thread.TriggerCallbackThread#callbackLog]-[197]-[Thread-98] <br>----------- xxl-job job callback fail, callbackResult:ReturnT [code=500, msg=xxl-rpc remoting fail, StatusCode(404) invalid. for url : http://localhost:8080/xxl-job-admin/api/callback, content=null]
2026-07-17 14:14:21 [com.xxl.job.core.thread.TriggerCallbackThread#callbackLog]-[197]-[Thread-98] <br>----------- xxl-job job callback fail, callbackResult:ReturnT [code=500, msg=xxl-rpc remoting fail, StatusCode(404) invalid. for url : http://localhost:8080/xxl-job-admin/api/callback, content=null]
2026-07-17 14:14:51 [com.xxl.job.core.thread.TriggerCallbackThread#callbackLog]-[197]-[Thread-98] <br>----------- xxl-job job callback fail, callbackResult:ReturnT [code=500, msg=xxl-rpc remoting fail, StatusCode(404) invalid. for url : http://localhost:8080/xxl-job-admin/api/callback, content=null]
2026-07-17 14:15:21 [com.xxl.job.core.thread.TriggerCallbackThread#callbackLog]-[197]-[Thread-98] <br>----------- xxl-job job callback fail, callbackResult:ReturnT [code=500, msg=xxl-rpc remoting fail, StatusCode(404) invalid. for url : http://localhost:8080/xxl-job-admin/api/callback, content=null]
2026-07-17 14:15:51 [com.xxl.job.core.thread.TriggerCallbackThread#callbackLog]-[197]-[Thread-98] <br>----------- xxl-job job callback fail, callbackResult:ReturnT [code=500, msg=xxl-rpc remoting fail, StatusCode(404) invalid. for url : http://localhost:8080/xxl-job-admin/api/callback, content=null]
2026-07-17 14:16:21 [com.xxl.job.core.thread.TriggerCallbackThread#callbackLog]-[197]-[Thread-98] <br>----------- xxl-job job callback fail, callbackResult:ReturnT [code=500, msg=xxl-rpc remoting fail, StatusCode(404) invalid. for url : http://localhost:8080/xxl-job-admin/api/callback, content=null]
2026-07-17 14:16:51 [com.xxl.job.core.thread.TriggerCallbackThread#callbackLog]-[197]-[Thread-98] <br>----------- xxl-job job callback fail, callbackResult:ReturnT [code=500, msg=xxl-rpc remoting fail, StatusCode(404) invalid. for url : http://localhost:8080/xxl-job-admin/api/callback, content=null]
2026-07-17 14:17:22 [com.xxl.job.core.thread.TriggerCallbackThread#callbackLog]-[197]-[Thread-98] <br>----------- xxl-job job callback fail, callbackResult:ReturnT [code=500, msg=xxl-rpc remoting fail, StatusCode(404) invalid. for url : http://localhost:8080/xxl-job-admin/api/callback, content=null]
2026-07-17 14:17:52 [com.xxl.job.core.thread.TriggerCallbackThread#callbackLog]-[197]-[Thread-98] <br>----------- xxl-job job callback fail, callbackResult:ReturnT [code=500, msg=xxl-rpc remoting fail, StatusCode(404) invalid. for url : http://localhost:8080/xxl-job-admin/api/callback, content=null]
2026-07-17 14:18:22 [com.xxl.job.core.thread.TriggerCallbackThread#callbackLog]-[197]-[Thread-98] <br>----------- xxl-job job callback fail, callbackResult:ReturnT [code=500, msg=xxl-rpc remoting fail, StatusCode(404) invalid. for url : http://localhost:8080/xxl-job-admin/api/callback, content=null]
2026-07-17 14:18:52 [com.xxl.job.core.thread.TriggerCallbackThread#callbackLog]-[197]-[Thread-98] <br>----------- xxl-job job callback fail, callbackResult:ReturnT [code=500, msg=xxl-rpc remoting fail, StatusCode(404) invalid. for url : http://localhost:8080/xxl-job-admin/api/callback, content=null]
2026-07-17 14:19:22 [com.xxl.job.core.thread.TriggerCallbackThread#callbackLog]-[197]-[Thread-98] <br>----------- xxl-job job callback fail, callbackResult:ReturnT [code=500, msg=xxl-rpc remoting fail, StatusCode(404) invalid. for url : http://localhost:8080/xxl-job-admin/api/callback, content=null]
2026-07-17 14:19:52 [com.xxl.job.core.thread.TriggerCallbackThread#callbackLog]-[197]-[Thread-98] <br>----------- xxl-job job callback fail, callbackResult:ReturnT [code=500, msg=xxl-rpc remoting fail, StatusCode(404) invalid. for url : http://localhost:8080/xxl-job-admin/api/callback, content=null]
2026-07-17 14:20:22 [com.xxl.job.core.thread.TriggerCallbackThread#callbackLog]-[197]-[Thread-98] <br>----------- xxl-job job callback fail, callbackResult:ReturnT [code=500, msg=xxl-rpc remoting fail, StatusCode(404) invalid. for url : http://localhost:8080/xxl-job-admin/api/callback, content=null]
2026-07-17 14:20:52 [com.xxl.job.core.thread.TriggerCallbackThread#callbackLog]-[197]-[Thread-98] <br>----------- xxl-job job callback fail, callbackResult:ReturnT [code=500, msg=xxl-rpc remoting fail, StatusCode(404) invalid. for url : http://localhost:8080/xxl-job-admin/api/callback, content=null]
2026-07-17 14:21:22 [com.xxl.job.core.thread.TriggerCallbackThread#callbackLog]-[197]-[Thread-98] <br>----------- xxl-job job callback fail, callbackResult:ReturnT [code=500, msg=xxl-rpc remoting fail, StatusCode(404) invalid. for url : http://localhost:8080/xxl-job-admin/api/callback, content=null]
2026-07-17 14:21:52 [com.xxl.job.core.thread.TriggerCallbackThread#callbackLog]-[197]-[Thread-98] <br>----------- xxl-job job callback fail, callbackResult:ReturnT [code=500, msg=xxl-rpc remoting fail, StatusCode(404) invalid. for url : http://localhost:8080/xxl-job-admin/api/callback, content=null]
2026-07-17 14:22:22 [com.xxl.job.core.thread.TriggerCallbackThread#callbackLog]-[197]-[Thread-98] <br>----------- xxl-job job callback fail, callbackResult:ReturnT [code=500, msg=xxl-rpc remoting fail, StatusCode(404) invalid. for url : http://localhost:8080/xxl-job-admin/api/callback, content=null]
2026-07-17 14:22:52 [com.xxl.job.core.thread.TriggerCallbackThread#callbackLog]-[197]-[Thread-98] <br>----------- xxl-job job callback fail, callbackResult:ReturnT [code=500, msg=xxl-rpc remoting fail, StatusCode(404) invalid. for url : http://localhost:8080/xxl-job-admin/api/callback, content=null]
2026-07-17 14:23:22 [com.xxl.job.core.thread.TriggerCallbackThread#callbackLog]-[197]-[Thread-98] <br>----------- xxl-job job callback fail, callbackResult:ReturnT [code=500, msg=xxl-rpc remoting fail, StatusCode(404) invalid. for url : http://localhost:8080/xxl-job-admin/api/callback, content=null]
2026-07-17 14:23:52 [com.xxl.job.core.thread.TriggerCallbackThread#callbackLog]-[197]-[Thread-98] <br>----------- xxl-job job callback fail, callbackResult:ReturnT [code=500, msg=xxl-rpc remoting fail, StatusCode(404) invalid. for url : http://localhost:8080/xxl-job-admin/api/callback, content=null]
2026-07-17 14:24:22 [com.xxl.job.core.thread.TriggerCallbackThread#callbackLog]-[197]-[Thread-98] <br>----------- xxl-job job callback fail, callbackResult:ReturnT [code=500, msg=xxl-rpc remoting fail, StatusCode(404) invalid. for url : http://localhost:8080/xxl-job-admin/api/callback, content=null]
2026-07-17 14:24:52 [com.xxl.job.core.thread.TriggerCallbackThread#callbackLog]-[197]-[Thread-98] <br>----------- xxl-job job callback fail, callbackResult:ReturnT [code=500, msg=xxl-rpc remoting fail, StatusCode(404) invalid. for url : http://localhost:8080/xxl-job-admin/api/callback, content=null]
2026-07-17 14:25:22 [com.xxl.job.core.thread.TriggerCallbackThread#callbackLog]-[197]-[Thread-98] <br>----------- xxl-job job callback fail, callbackResult:ReturnT [code=500, msg=xxl-rpc remoting fail, StatusCode(404) invalid. for url : http://localhost:8080/xxl-job-admin/api/callback, content=null]
2026-07-17 14:25:53 [com.xxl.job.core.thread.TriggerCallbackThread#callbackLog]-[197]-[Thread-98] <br>----------- xxl-job job callback fail, callbackResult:ReturnT [code=500, msg=xxl-rpc remoting fail, StatusCode(404) invalid. for url : http://localhost:8080/xxl-job-admin/api/callback, content=null]
2026-07-17 14:26:23 [com.xxl.job.core.thread.TriggerCallbackThread#callbackLog]-[197]-[Thread-98] <br>----------- xxl-job job callback fail, callbackResult:ReturnT [code=500, msg=xxl-rpc remoting fail, StatusCode(404) invalid. for url : http://localhost:8080/xxl-job-admin/api/callback, content=null]
2026-07-17 14:26:53 [com.xxl.job.core.thread.TriggerCallbackThread#callbackLog]-[197]-[Thread-98] <br>----------- xxl-job job callback fail, callbackResult:ReturnT [code=500, msg=xxl-rpc remoting fail, StatusCode(404) invalid. for url : http://localhost:8080/xxl-job-admin/api/callback, content=null]
2026-07-17 14:27:23 [com.xxl.job.core.thread.TriggerCallbackThread#callbackLog]-[197]-[Thread-98] <br>----------- xxl-job job callback fail, callbackResult:ReturnT [code=500, msg=xxl-rpc remoting fail, StatusCode(404) invalid. for url : http://localhost:8080/xxl-job-admin/api/callback, content=null]
2026-07-17 14:27:53 [com.xxl.job.core.thread.TriggerCallbackThread#callbackLog]-[197]-[Thread-98] <br>----------- xxl-job job callback fail, callbackResult:ReturnT [code=500, msg=xxl-rpc remoting fail, StatusCode(404) invalid. for url : http://localhost:8080/xxl-job-admin/api/callback, content=null]
2026-07-17 14:28:23 [com.xxl.job.core.thread.TriggerCallbackThread#callbackLog]-[197]-[Thread-98] <br>----------- xxl-job job callback fail, callbackResult:ReturnT [code=500, msg=xxl-rpc remoting fail, StatusCode(404) invalid. for url : http://localhost:8080/xxl-job-admin/api/callback, content=null]
2026-07-17 14:28:53 [com.xxl.job.core.thread.TriggerCallbackThread#callbackLog]-[197]-[Thread-98] <br>----------- xxl-job job callback fail, callbackResult:ReturnT [code=500, msg=xxl-rpc remoting fail, StatusCode(404) invalid. for url : http://localhost:8080/xxl-job-admin/api/callback, content=null]
2026-07-17 14:29:23 [com.xxl.job.core.thread.TriggerCallbackThread#callbackLog]-[197]-[Thread-98] <br>----------- xxl-job job callback fail, callbackResult:ReturnT [code=500, msg=xxl-rpc remoting fail, StatusCode(404) invalid. for url : http://localhost:8080/xxl-job-admin/api/callback, content=null]
2026-07-17 14:29:53 [com.xxl.job.core.thread.TriggerCallbackThread#callbackLog]-[197]-[Thread-98] <br>----------- xxl-job job callback fail, callbackResult:ReturnT [code=500, msg=xxl-rpc remoting fail, StatusCode(404) invalid. for url : http://localhost:8080/xxl-job-admin/api/callback, content=null]
2026-07-17 14:30:23 [com.xxl.job.core.thread.TriggerCallbackThread#callbackLog]-[197]-[Thread-98] <br>----------- xxl-job job callback fail, callbackResult:ReturnT [code=500, msg=xxl-rpc remoting fail, StatusCode(404) invalid. for url : http://localhost:8080/xxl-job-admin/api/callback, content=null]
2026-07-17 14:30:53 [com.xxl.job.core.thread.TriggerCallbackThread#callbackLog]-[197]-[Thread-98] <br>----------- xxl-job job callback fail, callbackResult:ReturnT [code=500, msg=xxl-rpc remoting fail, StatusCode(404) invalid. for url : http://localhost:8080/xxl-job-admin/api/callback, content=null]
2026-07-17 14:31:23 [com.xxl.job.core.thread.TriggerCallbackThread#callbackLog]-[197]-[Thread-98] <br>----------- xxl-job job callback fail, callbackResult:ReturnT [code=500, msg=xxl-rpc remoting fail, StatusCode(404) invalid. for url : http://localhost:8080/xxl-job-admin/api/callback, content=null]
2026-07-17 14:31:53 [com.xxl.job.core.thread.TriggerCallbackThread#callbackLog]-[197]-[Thread-98] <br>----------- xxl-job job callback fail, callbackResult:ReturnT [code=500, msg=xxl-rpc remoting fail, StatusCode(404) invalid. for url : http://localhost:8080/xxl-job-admin/api/callback, content=null]
2026-07-17 14:32:23 [com.xxl.job.core.thread.TriggerCallbackThread#callbackLog]-[197]-[Thread-98] <br>----------- xxl-job job callback fail, callbackResult:ReturnT [code=500, msg=xxl-rpc remoting fail, StatusCode(404) invalid. for url : http://localhost:8080/xxl-job-admin/api/callback, content=null]
2026-07-17 14:32:54 [com.xxl.job.core.thread.TriggerCallbackThread#callbackLog]-[197]-[Thread-98] <br>----------- xxl-job job callback fail, callbackResult:ReturnT [code=500, msg=xxl-rpc remoting fail, StatusCode(404) invalid. for url : http://localhost:8080/xxl-job-admin/api/callback, content=null]
2026-07-17 14:33:24 [com.xxl.job.core.thread.TriggerCallbackThread#callbackLog]-[197]-[Thread-98] <br>----------- xxl-job job callback fail, callbackResult:ReturnT [code=500, msg=xxl-rpc remoting fail, StatusCode(404) invalid. for url : http://localhost:8080/xxl-job-admin/api/callback, content=null]
2026-07-17 14:33:55 [com.xxl.job.core.thread.TriggerCallbackThread#callbackLog]-[197]-[Thread-98] <br>----------- xxl-job job callback fail, callbackResult:ReturnT [code=500, msg=xxl-rpc remoting fail, StatusCode(404) invalid. for url : http://localhost:8080/xxl-job-admin/api/callback, content=null]
2026-07-17 14:34:25 [com.xxl.job.core.thread.TriggerCallbackThread#callbackLog]-[197]-[Thread-98] <br>----------- xxl-job job callback fail, callbackResult:ReturnT [code=500, msg=xxl-rpc remoting fail, StatusCode(404) invalid. for url : http://localhost:8080/xxl-job-admin/api/callback, content=null]
