[INFO] Scanning for projects...
[INFO] 
[INFO] -----------------------< com.example:sc-gateway >-----------------------
[INFO] Building sc-gateway 0.0.1-SNAPSHOT
[INFO]   from pom.xml
[INFO] --------------------------------[ jar ]---------------------------------
[INFO] 
[INFO] >>> spring-boot:2.5.6:run (default-cli) > test-compile @ sc-gateway >>>
[INFO] 
[INFO] --- resources:3.2.0:resources (default-resources) @ sc-gateway ---
[INFO] Using 'UTF-8' encoding to copy filtered resources.
[INFO] Using 'UTF-8' encoding to copy filtered properties files.
[INFO] Copying 0 resource
[INFO] Copying 1 resource
[INFO] 
[INFO] --- compiler:3.8.1:compile (default-compile) @ sc-gateway ---
[INFO] Changes detected - recompiling the module!
[INFO] Compiling 1 source file to D:\code\project\scDemo\sc-gateway\target\classes
[INFO] 
[INFO] --- resources:3.2.0:testResources (default-testResources) @ sc-gateway ---
[INFO] Using 'UTF-8' encoding to copy filtered resources.
[INFO] Using 'UTF-8' encoding to copy filtered properties files.
[INFO] skip non existing resourceDirectory D:\code\project\scDemo\sc-gateway\src\test\resources
[INFO] 
[INFO] --- compiler:3.8.1:testCompile (default-testCompile) @ sc-gateway ---
[INFO] No sources to compile
[INFO] 
[INFO] <<< spring-boot:2.5.6:run (default-cli) < test-compile @ sc-gateway <<<
[INFO] 
[INFO] 
[INFO] --- spring-boot:2.5.6:run (default-cli) @ sc-gateway ---
[INFO] Attaching agents: []

  .   ____          _            __ _ _
 /\\ / ___'_ __ _ _(_)_ __  __ _ \ \ \ \
( ( )\___ | '_ | '_| | '_ \/ _` | \ \ \ \
 \\/  ___)| |_)| | | | | || (_| |  ) ) ) )
  '  |____| .__|_| |_|_| |_\__, | / / / /
 =========|_|==============|___/=/_/_/_/
 :: Spring Boot ::                (v2.5.6)

2026-07-10 14:46:53.077  INFO 35684 --- [           main] c.a.n.c.c.impl.LocalConfigInfoProcessor  : LOCAL_SNAPSHOT_PATH:C:\Users\16020\nacos\config
2026-07-10 14:46:53.081  INFO 35684 --- [           main] com.alibaba.nacos.common.remote.client   : [RpcClientFactory] create a new rpc client of 9dc8ef9b-2e22-4abe-83dd-08e0b7ece251_config-0
2026-07-10 14:46:53.133  INFO 35684 --- [           main] org.reflections.Reflections              : Reflections took 31 ms to scan 1 urls, producing 3 keys and 6 values 
2026-07-10 14:46:53.162  INFO 35684 --- [           main] org.reflections.Reflections              : Reflections took 13 ms to scan 1 urls, producing 4 keys and 9 values 
2026-07-10 14:46:53.174  INFO 35684 --- [           main] org.reflections.Reflections              : Reflections took 10 ms to scan 1 urls, producing 3 keys and 10 values 
2026-07-10 14:46:53.312  INFO 35684 --- [           main] org.reflections.Reflections              : Reflections took 136 ms to scan 140 urls, producing 0 keys and 0 values 
2026-07-10 14:46:53.322  INFO 35684 --- [           main] org.reflections.Reflections              : Reflections took 9 ms to scan 1 urls, producing 1 keys and 5 values 
2026-07-10 14:46:53.334  INFO 35684 --- [           main] org.reflections.Reflections              : Reflections took 10 ms to scan 1 urls, producing 1 keys and 7 values 
2026-07-10 14:46:53.345  INFO 35684 --- [           main] org.reflections.Reflections              : Reflections took 9 ms to scan 1 urls, producing 2 keys and 8 values 
2026-07-10 14:46:53.478  INFO 35684 --- [           main] org.reflections.Reflections              : Reflections took 131 ms to scan 140 urls, producing 0 keys and 0 values 
2026-07-10 14:46:53.479  INFO 35684 --- [           main] com.alibaba.nacos.common.remote.client   : [9dc8ef9b-2e22-4abe-83dd-08e0b7ece251_config-0]RpcClient init label, labels={module=config, Vipserver-Tag=null, source=sdk, Amory-Tag=null, Location-Tag=null, taskId=0, AppName=unknown}
2026-07-10 14:46:53.480  INFO 35684 --- [           main] com.alibaba.nacos.common.remote.client   : [9dc8ef9b-2e22-4abe-83dd-08e0b7ece251_config-0]Register server push request handler:com.alibaba.nacos.client.config.impl.ClientWorker$ConfigRpcTransportClient$$Lambda$353/288919635
2026-07-10 14:46:53.480  INFO 35684 --- [           main] com.alibaba.nacos.common.remote.client   : [9dc8ef9b-2e22-4abe-83dd-08e0b7ece251_config-0]Register server push request handler:com.alibaba.nacos.client.config.impl.ClientWorker$ConfigRpcTransportClient$$Lambda$354/1572442646
2026-07-10 14:46:53.481  INFO 35684 --- [           main] com.alibaba.nacos.common.remote.client   : [9dc8ef9b-2e22-4abe-83dd-08e0b7ece251_config-0]Registry connection listener to current client:com.alibaba.nacos.client.config.impl.ClientWorker$ConfigRpcTransportClient$1
2026-07-10 14:46:53.481  INFO 35684 --- [           main] com.alibaba.nacos.common.remote.client   : [9dc8ef9b-2e22-4abe-83dd-08e0b7ece251_config-0]RpcClient init, ServerListFactory =com.alibaba.nacos.client.config.impl.ClientWorker$ConfigRpcTransportClient$2
2026-07-10 14:46:53.488  INFO 35684 --- [           main] com.alibaba.nacos.common.remote.client   : [9dc8ef9b-2e22-4abe-83dd-08e0b7ece251_config-0] Try to connect to server on start up, server: {serverIp='localhost', server main port=8848}
2026-07-10 14:46:56.095  INFO 35684 --- [           main] com.alibaba.nacos.common.remote.client   : [9dc8ef9b-2e22-4abe-83dd-08e0b7ece251_config-0] Success to connect to server [localhost:8848] on start up,connectionId=1783666015858_127.0.0.1_51406
2026-07-10 14:46:56.095  INFO 35684 --- [t.remote.worker] com.alibaba.nacos.common.remote.client   : [9dc8ef9b-2e22-4abe-83dd-08e0b7ece251_config-0]Notify connected event to listeners.
2026-07-10 14:46:56.096  INFO 35684 --- [           main] com.alibaba.nacos.common.remote.client   : [9dc8ef9b-2e22-4abe-83dd-08e0b7ece251_config-0]Register server push request handler:com.alibaba.nacos.common.remote.client.RpcClient$ConnectResetRequestHandler
2026-07-10 14:46:56.096  INFO 35684 --- [t.remote.worker] c.a.n.client.config.impl.ClientWorker    : [9dc8ef9b-2e22-4abe-83dd-08e0b7ece251_config-0] Connected,notify listen context...
2026-07-10 14:46:56.096  INFO 35684 --- [           main] com.alibaba.nacos.common.remote.client   : [9dc8ef9b-2e22-4abe-83dd-08e0b7ece251_config-0]Register server push request handler:com.alibaba.nacos.common.remote.client.RpcClient$4
2026-07-10 14:46:56.145  INFO 35684 --- [           main] c.a.nacos.client.config.impl.Limiter     : limitTime:5.0
2026-07-10 14:46:56.161  INFO 35684 --- [           main] c.a.nacos.client.config.utils.JvmUtil    : isMultiInstance:false
2026-07-10 14:46:56.170 ERROR 35684 --- [           main] c.a.c.n.c.NacosPropertySourceBuilder     : parse data from Nacos error,dataId:sc-gateway-test.yml,data:spring:
  cloud:
    gateway:
      discovery:
        locator:
          lowerCaseServiceId: true
          enabled: true
      routes:
        # 认证中心
        - id: sc-order
          uri: lb://sc-order
          metadata:
            response-timeout: 15000
            connect-timeout: 5000
          predicates:
            - Path=/order/**

org.yaml.snakeyaml.error.YAMLException: java.nio.charset.MalformedInputException: Input length = 1
	at org.yaml.snakeyaml.reader.StreamReader.update(StreamReader.java:218) ~[snakeyaml-1.28.jar:na]
	at org.yaml.snakeyaml.reader.StreamReader.ensureEnoughData(StreamReader.java:176) ~[snakeyaml-1.28.jar:na]
	at org.yaml.snakeyaml.reader.StreamReader.ensureEnoughData(StreamReader.java:171) ~[snakeyaml-1.28.jar:na]
	at org.yaml.snakeyaml.reader.StreamReader.peek(StreamReader.java:126) ~[snakeyaml-1.28.jar:na]
	at org.yaml.snakeyaml.scanner.ScannerImpl.scanToNextToken(ScannerImpl.java:1198) ~[snakeyaml-1.28.jar:na]
	at org.yaml.snakeyaml.scanner.ScannerImpl.fetchMoreTokens(ScannerImpl.java:308) ~[snakeyaml-1.28.jar:na]
	at org.yaml.snakeyaml.scanner.ScannerImpl.checkToken(ScannerImpl.java:248) ~[snakeyaml-1.28.jar:na]
	at org.yaml.snakeyaml.parser.ParserImpl$ParseImplicitDocumentStart.produce(ParserImpl.java:213) ~[snakeyaml-1.28.jar:na]
	at org.yaml.snakeyaml.parser.ParserImpl.peekEvent(ParserImpl.java:165) ~[snakeyaml-1.28.jar:na]
	at org.yaml.snakeyaml.parser.ParserImpl.checkEvent(ParserImpl.java:155) ~[snakeyaml-1.28.jar:na]
	at org.yaml.snakeyaml.composer.Composer.checkNode(Composer.java:93) ~[snakeyaml-1.28.jar:na]
	at org.yaml.snakeyaml.constructor.BaseConstructor.checkData(BaseConstructor.java:124) ~[snakeyaml-1.28.jar:na]
	at org.yaml.snakeyaml.Yaml$1.hasNext(Yaml.java:507) ~[snakeyaml-1.28.jar:na]
	at org.springframework.beans.factory.config.YamlProcessor.process(YamlProcessor.java:198) ~[spring-beans-5.3.12.jar:5.3.12]
	at org.springframework.beans.factory.config.YamlProcessor.process(YamlProcessor.java:166) ~[spring-beans-5.3.12.jar:5.3.12]
	at org.springframework.boot.env.OriginTrackedYamlLoader.load(OriginTrackedYamlLoader.java:84) ~[spring-boot-2.5.6.jar:2.5.6]
	at org.springframework.boot.env.YamlPropertySourceLoader.load(YamlPropertySourceLoader.java:50) ~[spring-boot-2.5.6.jar:2.5.6]
	at com.alibaba.cloud.nacos.parser.NacosDataParserHandler.parseNacosData(NacosDataParserHandler.java:92) ~[spring-cloud-starter-alibaba-nacos-config-2021.1.jar:2021.1]
	at com.alibaba.cloud.nacos.client.NacosPropertySourceBuilder.loadNacosData(NacosPropertySourceBuilder.java:97) [spring-cloud-starter-alibaba-nacos-config-2021.1.jar:2021.1]
	at com.alibaba.cloud.nacos.client.NacosPropertySourceBuilder.build(NacosPropertySourceBuilder.java:73) [spring-cloud-starter-alibaba-nacos-config-2021.1.jar:2021.1]
	at com.alibaba.cloud.nacos.client.NacosPropertySourceLocator.loadNacosPropertySource(NacosPropertySourceLocator.java:199) [spring-cloud-starter-alibaba-nacos-config-2021.1.jar:2021.1]
	at com.alibaba.cloud.nacos.client.NacosPropertySourceLocator.loadNacosDataIfPresent(NacosPropertySourceLocator.java:186) [spring-cloud-starter-alibaba-nacos-config-2021.1.jar:2021.1]
	at com.alibaba.cloud.nacos.client.NacosPropertySourceLocator.loadNacosConfiguration(NacosPropertySourceLocator.java:158) [spring-cloud-starter-alibaba-nacos-config-2021.1.jar:2021.1]
	at com.alibaba.cloud.nacos.client.NacosPropertySourceLocator.loadSharedConfiguration(NacosPropertySourceLocator.java:116) [spring-cloud-starter-alibaba-nacos-config-2021.1.jar:2021.1]
	at com.alibaba.cloud.nacos.client.NacosPropertySourceLocator.locate(NacosPropertySourceLocator.java:101) [spring-cloud-starter-alibaba-nacos-config-2021.1.jar:2021.1]
	at org.springframework.cloud.bootstrap.config.PropertySourceLocator.locateCollection(PropertySourceLocator.java:51) [spring-cloud-context-3.0.4.jar:3.0.4]
	at org.springframework.cloud.bootstrap.config.PropertySourceLocator.locateCollection(PropertySourceLocator.java:47) [spring-cloud-context-3.0.4.jar:3.0.4]
	at org.springframework.cloud.bootstrap.config.PropertySourceBootstrapConfiguration.initialize(PropertySourceBootstrapConfiguration.java:95) [spring-cloud-context-3.0.4.jar:3.0.4]
	at org.springframework.boot.SpringApplication.applyInitializers(SpringApplication.java:634) [spring-boot-2.5.6.jar:2.5.6]
	at org.springframework.boot.SpringApplication.prepareContext(SpringApplication.java:403) [spring-boot-2.5.6.jar:2.5.6]
	at org.springframework.boot.SpringApplication.run(SpringApplication.java:337) [spring-boot-2.5.6.jar:2.5.6]
	at org.springframework.boot.SpringApplication.run(SpringApplication.java:1343) [spring-boot-2.5.6.jar:2.5.6]
	at org.springframework.boot.SpringApplication.run(SpringApplication.java:1332) [spring-boot-2.5.6.jar:2.5.6]
	at com.example.scgateway.ScGatewayApplication.main(ScGatewayApplication.java:10) [classes/:na]
Caused by: java.nio.charset.MalformedInputException: Input length = 1
	at java.nio.charset.CoderResult.throwException(CoderResult.java:281) ~[na:1.8.0_144]
	at sun.nio.cs.StreamDecoder.implRead(StreamDecoder.java:339) ~[na:1.8.0_144]
	at sun.nio.cs.StreamDecoder.read(StreamDecoder.java:178) ~[na:1.8.0_144]
	at java.io.InputStreamReader.read(InputStreamReader.java:184) ~[na:1.8.0_144]
	at org.yaml.snakeyaml.reader.UnicodeReader.read(UnicodeReader.java:125) ~[snakeyaml-1.28.jar:na]
	at org.yaml.snakeyaml.reader.StreamReader.update(StreamReader.java:183) ~[snakeyaml-1.28.jar:na]
	... 33 common frames omitted

2026-07-10 14:46:56.176  WARN 35684 --- [           main] c.a.c.n.c.NacosPropertySourceBuilder     : Ignore the empty nacos configuration and get it based on dataId[sc-gateway] & group[DEFAULT_GROUP]
2026-07-10 14:46:56.180  WARN 35684 --- [           main] c.a.c.n.c.NacosPropertySourceBuilder     : Ignore the empty nacos configuration and get it based on dataId[sc-gateway.yml] & group[DEFAULT_GROUP]
2026-07-10 14:46:56.357 ERROR 35684 --- [           main] c.a.c.n.c.NacosPropertySourceBuilder     : parse data from Nacos error,dataId:sc-gateway-test.yml,data:spring:
  cloud:
    gateway:
      discovery:
        locator:
          lowerCaseServiceId: true
          enabled: true
      routes:
        # 认证中心
        - id: sc-order
          uri: lb://sc-order
          metadata:
            response-timeout: 15000
            connect-timeout: 5000
          predicates:
            - Path=/order/**

org.yaml.snakeyaml.error.YAMLException: java.nio.charset.MalformedInputException: Input length = 1
	at org.yaml.snakeyaml.reader.StreamReader.update(StreamReader.java:218) ~[snakeyaml-1.28.jar:na]
	at org.yaml.snakeyaml.reader.StreamReader.ensureEnoughData(StreamReader.java:176) ~[snakeyaml-1.28.jar:na]
	at org.yaml.snakeyaml.reader.StreamReader.ensureEnoughData(StreamReader.java:171) ~[snakeyaml-1.28.jar:na]
	at org.yaml.snakeyaml.reader.StreamReader.peek(StreamReader.java:126) ~[snakeyaml-1.28.jar:na]
	at org.yaml.snakeyaml.scanner.ScannerImpl.scanToNextToken(ScannerImpl.java:1198) ~[snakeyaml-1.28.jar:na]
	at org.yaml.snakeyaml.scanner.ScannerImpl.fetchMoreTokens(ScannerImpl.java:308) ~[snakeyaml-1.28.jar:na]
	at org.yaml.snakeyaml.scanner.ScannerImpl.checkToken(ScannerImpl.java:248) ~[snakeyaml-1.28.jar:na]
	at org.yaml.snakeyaml.parser.ParserImpl$ParseImplicitDocumentStart.produce(ParserImpl.java:213) ~[snakeyaml-1.28.jar:na]
	at org.yaml.snakeyaml.parser.ParserImpl.peekEvent(ParserImpl.java:165) ~[snakeyaml-1.28.jar:na]
	at org.yaml.snakeyaml.parser.ParserImpl.checkEvent(ParserImpl.java:155) ~[snakeyaml-1.28.jar:na]
	at org.yaml.snakeyaml.composer.Composer.checkNode(Composer.java:93) ~[snakeyaml-1.28.jar:na]
	at org.yaml.snakeyaml.constructor.BaseConstructor.checkData(BaseConstructor.java:124) ~[snakeyaml-1.28.jar:na]
	at org.yaml.snakeyaml.Yaml$1.hasNext(Yaml.java:507) ~[snakeyaml-1.28.jar:na]
	at org.springframework.beans.factory.config.YamlProcessor.process(YamlProcessor.java:198) ~[spring-beans-5.3.12.jar:5.3.12]
	at org.springframework.beans.factory.config.YamlProcessor.process(YamlProcessor.java:166) ~[spring-beans-5.3.12.jar:5.3.12]
	at org.springframework.boot.env.OriginTrackedYamlLoader.load(OriginTrackedYamlLoader.java:84) ~[spring-boot-2.5.6.jar:2.5.6]
	at org.springframework.boot.env.YamlPropertySourceLoader.load(YamlPropertySourceLoader.java:50) ~[spring-boot-2.5.6.jar:2.5.6]
	at com.alibaba.cloud.nacos.parser.NacosDataParserHandler.parseNacosData(NacosDataParserHandler.java:92) ~[spring-cloud-starter-alibaba-nacos-config-2021.1.jar:2021.1]
	at com.alibaba.cloud.nacos.client.NacosPropertySourceBuilder.loadNacosData(NacosPropertySourceBuilder.java:97) [spring-cloud-starter-alibaba-nacos-config-2021.1.jar:2021.1]
	at com.alibaba.cloud.nacos.client.NacosPropertySourceBuilder.build(NacosPropertySourceBuilder.java:73) [spring-cloud-starter-alibaba-nacos-config-2021.1.jar:2021.1]
	at com.alibaba.cloud.nacos.client.NacosPropertySourceLocator.loadNacosPropertySource(NacosPropertySourceLocator.java:199) [spring-cloud-starter-alibaba-nacos-config-2021.1.jar:2021.1]
	at com.alibaba.cloud.nacos.client.NacosPropertySourceLocator.loadNacosDataIfPresent(NacosPropertySourceLocator.java:186) [spring-cloud-starter-alibaba-nacos-config-2021.1.jar:2021.1]
	at com.alibaba.cloud.nacos.client.NacosPropertySourceLocator.loadApplicationConfiguration(NacosPropertySourceLocator.java:149) [spring-cloud-starter-alibaba-nacos-config-2021.1.jar:2021.1]
	at com.alibaba.cloud.nacos.client.NacosPropertySourceLocator.locate(NacosPropertySourceLocator.java:103) [spring-cloud-starter-alibaba-nacos-config-2021.1.jar:2021.1]
	at org.springframework.cloud.bootstrap.config.PropertySourceLocator.locateCollection(PropertySourceLocator.java:51) [spring-cloud-context-3.0.4.jar:3.0.4]
	at org.springframework.cloud.bootstrap.config.PropertySourceLocator.locateCollection(PropertySourceLocator.java:47) [spring-cloud-context-3.0.4.jar:3.0.4]
	at org.springframework.cloud.bootstrap.config.PropertySourceBootstrapConfiguration.initialize(PropertySourceBootstrapConfiguration.java:95) [spring-cloud-context-3.0.4.jar:3.0.4]
	at org.springframework.boot.SpringApplication.applyInitializers(SpringApplication.java:634) [spring-boot-2.5.6.jar:2.5.6]
	at org.springframework.boot.SpringApplication.prepareContext(SpringApplication.java:403) [spring-boot-2.5.6.jar:2.5.6]
	at org.springframework.boot.SpringApplication.run(SpringApplication.java:337) [spring-boot-2.5.6.jar:2.5.6]
	at org.springframework.boot.SpringApplication.run(SpringApplication.java:1343) [spring-boot-2.5.6.jar:2.5.6]
	at org.springframework.boot.SpringApplication.run(SpringApplication.java:1332) [spring-boot-2.5.6.jar:2.5.6]
	at com.example.scgateway.ScGatewayApplication.main(ScGatewayApplication.java:10) [classes/:na]
Caused by: java.nio.charset.MalformedInputException: Input length = 1
	at java.nio.charset.CoderResult.throwException(CoderResult.java:281) ~[na:1.8.0_144]
	at sun.nio.cs.StreamDecoder.implRead(StreamDecoder.java:339) ~[na:1.8.0_144]
	at sun.nio.cs.StreamDecoder.read(StreamDecoder.java:178) ~[na:1.8.0_144]
	at java.io.InputStreamReader.read(InputStreamReader.java:184) ~[na:1.8.0_144]
	at org.yaml.snakeyaml.reader.UnicodeReader.read(UnicodeReader.java:125) ~[snakeyaml-1.28.jar:na]
	at org.yaml.snakeyaml.reader.StreamReader.update(StreamReader.java:183) ~[snakeyaml-1.28.jar:na]
	... 32 common frames omitted

2026-07-10 14:46:56.358  INFO 35684 --- [           main] b.c.PropertySourceBootstrapConfiguration : Located property source: [BootstrapPropertySource {name='bootstrapProperties-sc-gateway-test.yml,DEFAULT_GROUP'}, BootstrapPropertySource {name='bootstrapProperties-sc-gateway.yml,DEFAULT_GROUP'}, BootstrapPropertySource {name='bootstrapProperties-sc-gateway,DEFAULT_GROUP'}]
2026-07-10 14:46:56.364  INFO 35684 --- [           main] c.e.scgateway.ScGatewayApplication       : The following profiles are active: test
2026-07-10 14:46:56.808  INFO 35684 --- [           main] o.s.cloud.context.scope.GenericScope     : BeanFactory id=742988b8-8949-3148-85d3-1ba2ebb2a637
2026-07-10 14:46:56.863  INFO 35684 --- [           main] trationDelegate$BeanPostProcessorChecker : Bean 'org.springframework.cloud.client.loadbalancer.reactive.LoadBalancerBeanPostProcessorAutoConfiguration' of type [org.springframework.cloud.client.loadbalancer.reactive.LoadBalancerBeanPostProcessorAutoConfiguration] is not eligible for getting processed by all BeanPostProcessors (for example: not eligible for auto-proxying)
2026-07-10 14:46:56.864  INFO 35684 --- [           main] trationDelegate$BeanPostProcessorChecker : Bean 'org.springframework.cloud.client.loadbalancer.reactive.LoadBalancerBeanPostProcessorAutoConfiguration$ReactorDeferringLoadBalancerFilterConfig' of type [org.springframework.cloud.client.loadbalancer.reactive.LoadBalancerBeanPostProcessorAutoConfiguration$ReactorDeferringLoadBalancerFilterConfig] is not eligible for getting processed by all BeanPostProcessors (for example: not eligible for auto-proxying)
2026-07-10 14:46:56.867  INFO 35684 --- [           main] trationDelegate$BeanPostProcessorChecker : Bean 'reactorDeferringLoadBalancerExchangeFilterFunction' of type [org.springframework.cloud.client.loadbalancer.reactive.DeferringLoadBalancerExchangeFilterFunction] is not eligible for getting processed by all BeanPostProcessors (for example: not eligible for auto-proxying)
2026-07-10 14:46:59.065  INFO 35684 --- [           main] o.s.c.g.r.RouteDefinitionRouteLocator    : Loaded RoutePredicateFactory [After]
2026-07-10 14:46:59.065  INFO 35684 --- [           main] o.s.c.g.r.RouteDefinitionRouteLocator    : Loaded RoutePredicateFactory [Before]
2026-07-10 14:46:59.065  INFO 35684 --- [           main] o.s.c.g.r.RouteDefinitionRouteLocator    : Loaded RoutePredicateFactory [Between]
2026-07-10 14:46:59.065  INFO 35684 --- [           main] o.s.c.g.r.RouteDefinitionRouteLocator    : Loaded RoutePredicateFactory [Cookie]
2026-07-10 14:46:59.065  INFO 35684 --- [           main] o.s.c.g.r.RouteDefinitionRouteLocator    : Loaded RoutePredicateFactory [Header]
2026-07-10 14:46:59.065  INFO 35684 --- [           main] o.s.c.g.r.RouteDefinitionRouteLocator    : Loaded RoutePredicateFactory [Host]
2026-07-10 14:46:59.065  INFO 35684 --- [           main] o.s.c.g.r.RouteDefinitionRouteLocator    : Loaded RoutePredicateFactory [Method]
2026-07-10 14:46:59.065  INFO 35684 --- [           main] o.s.c.g.r.RouteDefinitionRouteLocator    : Loaded RoutePredicateFactory [Path]
2026-07-10 14:46:59.065  INFO 35684 --- [           main] o.s.c.g.r.RouteDefinitionRouteLocator    : Loaded RoutePredicateFactory [Query]
2026-07-10 14:46:59.065  INFO 35684 --- [           main] o.s.c.g.r.RouteDefinitionRouteLocator    : Loaded RoutePredicateFactory [ReadBody]
2026-07-10 14:46:59.065  INFO 35684 --- [           main] o.s.c.g.r.RouteDefinitionRouteLocator    : Loaded RoutePredicateFactory [RemoteAddr]
2026-07-10 14:46:59.065  INFO 35684 --- [           main] o.s.c.g.r.RouteDefinitionRouteLocator    : Loaded RoutePredicateFactory [Weight]
2026-07-10 14:46:59.065  INFO 35684 --- [           main] o.s.c.g.r.RouteDefinitionRouteLocator    : Loaded RoutePredicateFactory [CloudFoundryRouteService]
2026-07-10 14:47:00.156  WARN 35684 --- [           main] iguration$LoadBalancerCaffeineWarnLogger : Spring Cloud LoadBalancer is currently working with the default cache. You can switch to using Caffeine cache, by adding it and org.springframework.cache.caffeine.CaffeineCacheManager to the classpath.
2026-07-10 14:47:00.182  INFO 35684 --- [           main] com.alibaba.nacos.client.naming          : initializer namespace from System Property : null
2026-07-10 14:47:00.183  INFO 35684 --- [           main] com.alibaba.nacos.client.naming          : initializer namespace from System Environment :null
2026-07-10 14:47:00.183  INFO 35684 --- [           main] com.alibaba.nacos.client.naming          : initializer namespace from System Property :null
2026-07-10 14:47:00.198  INFO 35684 --- [           main] com.alibaba.nacos.common.remote.client   : [RpcClientFactory] create a new rpc client of 52e60716-963b-420e-873c-2f9432e0c49a
2026-07-10 14:47:00.198  INFO 35684 --- [           main] com.alibaba.nacos.common.remote.client   : [52e60716-963b-420e-873c-2f9432e0c49a]RpcClient init label, labels={module=naming, source=sdk}
2026-07-10 14:47:00.200  INFO 35684 --- [           main] com.alibaba.nacos.common.remote.client   : [52e60716-963b-420e-873c-2f9432e0c49a]RpcClient init, ServerListFactory =com.alibaba.nacos.client.naming.core.ServerListManager
2026-07-10 14:47:00.200  INFO 35684 --- [           main] com.alibaba.nacos.common.remote.client   : [52e60716-963b-420e-873c-2f9432e0c49a]Registry connection listener to current client:com.alibaba.nacos.client.naming.remote.gprc.redo.NamingGrpcRedoService
2026-07-10 14:47:00.201  INFO 35684 --- [           main] com.alibaba.nacos.common.remote.client   : [52e60716-963b-420e-873c-2f9432e0c49a]Register server push request handler:com.alibaba.nacos.client.naming.remote.gprc.NamingPushRequestHandler
2026-07-10 14:47:00.201  INFO 35684 --- [           main] com.alibaba.nacos.common.remote.client   : [52e60716-963b-420e-873c-2f9432e0c49a] Try to connect to server on start up, server: {serverIp='localhost', server main port=8848}
2026-07-10 14:47:00.324  INFO 35684 --- [           main] com.alibaba.nacos.common.remote.client   : [52e60716-963b-420e-873c-2f9432e0c49a] Success to connect to server [localhost:8848] on start up,connectionId=1783666020206_127.0.0.1_51420
2026-07-10 14:47:00.324  INFO 35684 --- [           main] com.alibaba.nacos.common.remote.client   : [52e60716-963b-420e-873c-2f9432e0c49a]Register server push request handler:com.alibaba.nacos.common.remote.client.RpcClient$ConnectResetRequestHandler
2026-07-10 14:47:00.324  INFO 35684 --- [t.remote.worker] com.alibaba.nacos.common.remote.client   : [52e60716-963b-420e-873c-2f9432e0c49a]Notify connected event to listeners.
2026-07-10 14:47:00.324  INFO 35684 --- [           main] com.alibaba.nacos.common.remote.client   : [52e60716-963b-420e-873c-2f9432e0c49a]Register server push request handler:com.alibaba.nacos.common.remote.client.RpcClient$4
2026-07-10 14:47:00.324  INFO 35684 --- [t.remote.worker] com.alibaba.nacos.client.naming          : Grpc connection connect
2026-07-10 14:47:00.342  INFO 35684 --- [           main] com.alibaba.nacos.client.naming          : init new ips(0) service: DEFAULT_GROUP@@sc-gateway@@DEFAULT -> []
2026-07-10 14:47:00.349  INFO 35684 --- [           main] com.alibaba.nacos.client.naming          : current ips:(0) service: DEFAULT_GROUP@@sc-gateway@@DEFAULT -> []
2026-07-10 14:47:00.955  INFO 35684 --- [ient-executor-4] com.alibaba.nacos.common.remote.client   : [52e60716-963b-420e-873c-2f9432e0c49a]receive server push request,request=NotifySubscriberRequest,requestId=242
2026-07-10 14:47:00.955  INFO 35684 --- [ient-executor-4] com.alibaba.nacos.common.remote.client   : [52e60716-963b-420e-873c-2f9432e0c49a]ack server push request,request=NotifySubscriberRequest,requestId=242
2026-07-10 14:47:01.397  INFO 35684 --- [           main] o.s.b.web.embedded.netty.NettyWebServer  : Netty started on port 8000
2026-07-10 14:47:03.760  INFO 35684 --- [           main] com.alibaba.nacos.client.naming          : [REGISTER-SERVICE] public registering service sc-gateway with instance Instance{instanceId='null', ip='192.168.111.197', port=8000, weight=1.0, healthy=true, enabled=true, ephemeral=true, clusterName='DEFAULT', serviceName='null', metadata={preserved.register.source=SPRING_CLOUD}}
2026-07-10 14:47:03.770  INFO 35684 --- [           main] c.a.c.n.registry.NacosServiceRegistry    : nacos registry, DEFAULT_GROUP sc-gateway 192.168.111.197:8000 register finished
2026-07-10 14:47:03.779  INFO 35684 --- [           main] c.e.scgateway.ScGatewayApplication       : Started ScGatewayApplication in 14.057 seconds (JVM running for 14.746)
2026-07-10 14:47:03.782  INFO 35684 --- [           main] c.a.n.client.config.impl.ClientWorker    : [config_rpc_client] [subscribe] sc-gateway+DEFAULT_GROUP
2026-07-10 14:47:03.783  INFO 35684 --- [           main] c.a.nacos.client.config.impl.CacheData   : [config_rpc_client] [add-listener] ok, tenant=, dataId=sc-gateway, group=DEFAULT_GROUP, cnt=1
2026-07-10 14:47:03.785  INFO 35684 --- [           main] c.a.n.client.config.impl.ClientWorker    : [config_rpc_client] [subscribe] sc-gateway-test.yml+DEFAULT_GROUP
2026-07-10 14:47:03.785  INFO 35684 --- [           main] c.a.nacos.client.config.impl.CacheData   : [config_rpc_client] [add-listener] ok, tenant=, dataId=sc-gateway-test.yml, group=DEFAULT_GROUP, cnt=1
2026-07-10 14:47:03.785  INFO 35684 --- [           main] c.a.n.client.config.impl.ClientWorker    : [config_rpc_client] [subscribe] sc-gateway.yml+DEFAULT_GROUP
2026-07-10 14:47:03.785  INFO 35684 --- [           main] c.a.nacos.client.config.impl.CacheData   : [config_rpc_client] [add-listener] ok, tenant=, dataId=sc-gateway.yml, group=DEFAULT_GROUP, cnt=1
2026-07-10 14:47:04.313  INFO 35684 --- [ient-executor-9] com.alibaba.nacos.common.remote.client   : [52e60716-963b-420e-873c-2f9432e0c49a]receive server push request,request=NotifySubscriberRequest,requestId=244
2026-07-10 14:47:04.317  INFO 35684 --- [ient-executor-9] com.alibaba.nacos.client.naming          : new ips(1) service: DEFAULT_GROUP@@sc-gateway@@DEFAULT -> [{"ip":"192.168.111.197","port":8000,"weight":1.0,"healthy":true,"enabled":true,"ephemeral":true,"clusterName":"DEFAULT","serviceName":"DEFAULT_GROUP@@sc-gateway","metadata":{"preserved.register.source":"SPRING_CLOUD"},"ipDeleteTimeout":30000,"instanceHeartBeatTimeOut":15000,"instanceHeartBeatInterval":5000}]
2026-07-10 14:47:04.317  INFO 35684 --- [ient-executor-9] com.alibaba.nacos.client.naming          : current ips:(1) service: DEFAULT_GROUP@@sc-gateway@@DEFAULT -> [{"ip":"192.168.111.197","port":8000,"weight":1.0,"healthy":true,"enabled":true,"ephemeral":true,"clusterName":"DEFAULT","serviceName":"DEFAULT_GROUP@@sc-gateway","metadata":{"preserved.register.source":"SPRING_CLOUD"},"ipDeleteTimeout":30000,"instanceHeartBeatTimeOut":15000,"instanceHeartBeatInterval":5000}]
2026-07-10 14:47:04.319  INFO 35684 --- [ient-executor-9] com.alibaba.nacos.common.remote.client   : [52e60716-963b-420e-873c-2f9432e0c49a]ack server push request,request=NotifySubscriberRequest,requestId=244
2026-07-10 14:49:52.905 ERROR 35684 --- [ent-executor-47] c.a.n.c.remote.client.grpc.GrpcClient    : [1783666015858_127.0.0.1_51406]Request stream error, switch server,error={}

com.alibaba.nacos.shaded.io.grpc.StatusRuntimeException: UNAVAILABLE: io exception
	at com.alibaba.nacos.shaded.io.grpc.Status.asRuntimeException(Status.java:533) ~[nacos-client-2.0.3.jar:na]
	at com.alibaba.nacos.shaded.io.grpc.stub.ClientCalls$StreamObserverToCallListenerAdapter.onClose(ClientCalls.java:442) [nacos-client-2.0.3.jar:na]
	at com.alibaba.nacos.shaded.io.grpc.PartialForwardingClientCallListener.onClose(PartialForwardingClientCallListener.java:39) [nacos-client-2.0.3.jar:na]
	at com.alibaba.nacos.shaded.io.grpc.ForwardingClientCallListener.onClose(ForwardingClientCallListener.java:23) [nacos-client-2.0.3.jar:na]
	at com.alibaba.nacos.shaded.io.grpc.ForwardingClientCallListener$SimpleForwardingClientCallListener.onClose(ForwardingClientCallListener.java:40) [nacos-client-2.0.3.jar:na]
	at com.alibaba.nacos.shaded.io.grpc.internal.CensusStatsModule$StatsClientInterceptor$1$1.onClose(CensusStatsModule.java:700) [nacos-client-2.0.3.jar:na]
	at com.alibaba.nacos.shaded.io.grpc.PartialForwardingClientCallListener.onClose(PartialForwardingClientCallListener.java:39) [nacos-client-2.0.3.jar:na]
	at com.alibaba.nacos.shaded.io.grpc.ForwardingClientCallListener.onClose(ForwardingClientCallListener.java:23) [nacos-client-2.0.3.jar:na]
	at com.alibaba.nacos.shaded.io.grpc.ForwardingClientCallListener$SimpleForwardingClientCallListener.onClose(ForwardingClientCallListener.java:40) [nacos-client-2.0.3.jar:na]
	at com.alibaba.nacos.shaded.io.grpc.internal.CensusTracingModule$TracingClientInterceptor$1$1.onClose(CensusTracingModule.java:399) [nacos-client-2.0.3.jar:na]
	at com.alibaba.nacos.shaded.io.grpc.internal.ClientCallImpl.closeObserver(ClientCallImpl.java:510) [nacos-client-2.0.3.jar:na]
	at com.alibaba.nacos.shaded.io.grpc.internal.ClientCallImpl.access$300(ClientCallImpl.java:66) [nacos-client-2.0.3.jar:na]
	at com.alibaba.nacos.shaded.io.grpc.internal.ClientCallImpl$ClientStreamListenerImpl.close(ClientCallImpl.java:630) [nacos-client-2.0.3.jar:na]
	at com.alibaba.nacos.shaded.io.grpc.internal.ClientCallImpl$ClientStreamListenerImpl.access$700(ClientCallImpl.java:518) [nacos-client-2.0.3.jar:na]
	at com.alibaba.nacos.shaded.io.grpc.internal.ClientCallImpl$ClientStreamListenerImpl$1StreamClosed.runInternal(ClientCallImpl.java:692) [nacos-client-2.0.3.jar:na]
	at com.alibaba.nacos.shaded.io.grpc.internal.ClientCallImpl$ClientStreamListenerImpl$1StreamClosed.runInContext(ClientCallImpl.java:681) [nacos-client-2.0.3.jar:na]
	at com.alibaba.nacos.shaded.io.grpc.internal.ContextRunnable.run(ContextRunnable.java:37) [nacos-client-2.0.3.jar:na]
	at com.alibaba.nacos.shaded.io.grpc.internal.SerializingExecutor.run(SerializingExecutor.java:123) [nacos-client-2.0.3.jar:na]
	at java.util.concurrent.ThreadPoolExecutor.runWorker(ThreadPoolExecutor.java:1149) [na:1.8.0_144]
	at java.util.concurrent.ThreadPoolExecutor$Worker.run(ThreadPoolExecutor.java:624) [na:1.8.0_144]
	at java.lang.Thread.run(Thread.java:748) [na:1.8.0_144]
Caused by: java.io.IOException: 远程主机强迫关闭了一个现有的连接。
	at sun.nio.ch.SocketDispatcher.read0(Native Method) ~[na:1.8.0_144]
	at sun.nio.ch.SocketDispatcher.read(SocketDispatcher.java:43) ~[na:1.8.0_144]
	at sun.nio.ch.IOUtil.readIntoNativeBuffer(IOUtil.java:223) ~[na:1.8.0_144]
	at sun.nio.ch.IOUtil.read(IOUtil.java:192) ~[na:1.8.0_144]
	at sun.nio.ch.SocketChannelImpl.read(SocketChannelImpl.java:380) ~[na:1.8.0_144]
	at com.alibaba.nacos.shaded.io.grpc.netty.shaded.io.netty.buffer.PooledByteBuf.setBytes(PooledByteBuf.java:247) ~[nacos-client-2.0.3.jar:na]
	at com.alibaba.nacos.shaded.io.grpc.netty.shaded.io.netty.buffer.AbstractByteBuf.writeBytes(AbstractByteBuf.java:1140) ~[nacos-client-2.0.3.jar:na]
	at com.alibaba.nacos.shaded.io.grpc.netty.shaded.io.netty.channel.socket.nio.NioSocketChannel.doReadBytes(NioSocketChannel.java:347) ~[nacos-client-2.0.3.jar:na]
	at com.alibaba.nacos.shaded.io.grpc.netty.shaded.io.netty.channel.nio.AbstractNioByteChannel$NioByteUnsafe.read(AbstractNioByteChannel.java:148) ~[nacos-client-2.0.3.jar:na]
	at com.alibaba.nacos.shaded.io.grpc.netty.shaded.io.netty.channel.nio.NioEventLoop.processSelectedKey(NioEventLoop.java:697) ~[nacos-client-2.0.3.jar:na]
	at com.alibaba.nacos.shaded.io.grpc.netty.shaded.io.netty.channel.nio.NioEventLoop.processSelectedKeysOptimized(NioEventLoop.java:632) ~[nacos-client-2.0.3.jar:na]
	at com.alibaba.nacos.shaded.io.grpc.netty.shaded.io.netty.channel.nio.NioEventLoop.processSelectedKeys(NioEventLoop.java:549) ~[nacos-client-2.0.3.jar:na]
	at com.alibaba.nacos.shaded.io.grpc.netty.shaded.io.netty.channel.nio.NioEventLoop.run(NioEventLoop.java:511) ~[nacos-client-2.0.3.jar:na]
	at com.alibaba.nacos.shaded.io.grpc.netty.shaded.io.netty.util.concurrent.SingleThreadEventExecutor$5.run(SingleThreadEventExecutor.java:918) ~[nacos-client-2.0.3.jar:na]
	at com.alibaba.nacos.shaded.io.grpc.netty.shaded.io.netty.util.internal.ThreadExecutorMap$2.run(ThreadExecutorMap.java:74) ~[nacos-client-2.0.3.jar:na]
	at com.alibaba.nacos.shaded.io.grpc.netty.shaded.io.netty.util.concurrent.FastThreadLocalRunnable.run(FastThreadLocalRunnable.java:30) ~[nacos-client-2.0.3.jar:na]
	... 1 common frames omitted

2026-07-10 14:49:52.905 ERROR 35684 --- [ent-executor-44] c.a.n.c.remote.client.grpc.GrpcClient    : [1783666020206_127.0.0.1_51420]Request stream error, switch server,error={}

com.alibaba.nacos.shaded.io.grpc.StatusRuntimeException: UNAVAILABLE: io exception
	at com.alibaba.nacos.shaded.io.grpc.Status.asRuntimeException(Status.java:533) ~[nacos-client-2.0.3.jar:na]
	at com.alibaba.nacos.shaded.io.grpc.stub.ClientCalls$StreamObserverToCallListenerAdapter.onClose(ClientCalls.java:442) [nacos-client-2.0.3.jar:na]
	at com.alibaba.nacos.shaded.io.grpc.PartialForwardingClientCallListener.onClose(PartialForwardingClientCallListener.java:39) [nacos-client-2.0.3.jar:na]
	at com.alibaba.nacos.shaded.io.grpc.ForwardingClientCallListener.onClose(ForwardingClientCallListener.java:23) [nacos-client-2.0.3.jar:na]
	at com.alibaba.nacos.shaded.io.grpc.ForwardingClientCallListener$SimpleForwardingClientCallListener.onClose(ForwardingClientCallListener.java:40) [nacos-client-2.0.3.jar:na]
	at com.alibaba.nacos.shaded.io.grpc.internal.CensusStatsModule$StatsClientInterceptor$1$1.onClose(CensusStatsModule.java:700) [nacos-client-2.0.3.jar:na]
	at com.alibaba.nacos.shaded.io.grpc.PartialForwardingClientCallListener.onClose(PartialForwardingClientCallListener.java:39) [nacos-client-2.0.3.jar:na]
	at com.alibaba.nacos.shaded.io.grpc.ForwardingClientCallListener.onClose(ForwardingClientCallListener.java:23) [nacos-client-2.0.3.jar:na]
	at com.alibaba.nacos.shaded.io.grpc.ForwardingClientCallListener$SimpleForwardingClientCallListener.onClose(ForwardingClientCallListener.java:40) [nacos-client-2.0.3.jar:na]
	at com.alibaba.nacos.shaded.io.grpc.internal.CensusTracingModule$TracingClientInterceptor$1$1.onClose(CensusTracingModule.java:399) [nacos-client-2.0.3.jar:na]
	at com.alibaba.nacos.shaded.io.grpc.internal.ClientCallImpl.closeObserver(ClientCallImpl.java:510) [nacos-client-2.0.3.jar:na]
	at com.alibaba.nacos.shaded.io.grpc.internal.ClientCallImpl.access$300(ClientCallImpl.java:66) [nacos-client-2.0.3.jar:na]
	at com.alibaba.nacos.shaded.io.grpc.internal.ClientCallImpl$ClientStreamListenerImpl.close(ClientCallImpl.java:630) [nacos-client-2.0.3.jar:na]
	at com.alibaba.nacos.shaded.io.grpc.internal.ClientCallImpl$ClientStreamListenerImpl.access$700(ClientCallImpl.java:518) [nacos-client-2.0.3.jar:na]
	at com.alibaba.nacos.shaded.io.grpc.internal.ClientCallImpl$ClientStreamListenerImpl$1StreamClosed.runInternal(ClientCallImpl.java:692) [nacos-client-2.0.3.jar:na]
	at com.alibaba.nacos.shaded.io.grpc.internal.ClientCallImpl$ClientStreamListenerImpl$1StreamClosed.runInContext(ClientCallImpl.java:681) [nacos-client-2.0.3.jar:na]
	at com.alibaba.nacos.shaded.io.grpc.internal.ContextRunnable.run(ContextRunnable.java:37) [nacos-client-2.0.3.jar:na]
	at com.alibaba.nacos.shaded.io.grpc.internal.SerializingExecutor.run(SerializingExecutor.java:123) [nacos-client-2.0.3.jar:na]
	at java.util.concurrent.ThreadPoolExecutor.runWorker(ThreadPoolExecutor.java:1149) [na:1.8.0_144]
	at java.util.concurrent.ThreadPoolExecutor$Worker.run(ThreadPoolExecutor.java:624) [na:1.8.0_144]
	at java.lang.Thread.run(Thread.java:748) [na:1.8.0_144]
Caused by: java.io.IOException: 远程主机强迫关闭了一个现有的连接。
	at sun.nio.ch.SocketDispatcher.read0(Native Method) ~[na:1.8.0_144]
	at sun.nio.ch.SocketDispatcher.read(SocketDispatcher.java:43) ~[na:1.8.0_144]
	at sun.nio.ch.IOUtil.readIntoNativeBuffer(IOUtil.java:223) ~[na:1.8.0_144]
	at sun.nio.ch.IOUtil.read(IOUtil.java:192) ~[na:1.8.0_144]
	at sun.nio.ch.SocketChannelImpl.read(SocketChannelImpl.java:380) ~[na:1.8.0_144]
	at com.alibaba.nacos.shaded.io.grpc.netty.shaded.io.netty.buffer.PooledByteBuf.setBytes(PooledByteBuf.java:247) ~[nacos-client-2.0.3.jar:na]
	at com.alibaba.nacos.shaded.io.grpc.netty.shaded.io.netty.buffer.AbstractByteBuf.writeBytes(AbstractByteBuf.java:1140) ~[nacos-client-2.0.3.jar:na]
	at com.alibaba.nacos.shaded.io.grpc.netty.shaded.io.netty.channel.socket.nio.NioSocketChannel.doReadBytes(NioSocketChannel.java:347) ~[nacos-client-2.0.3.jar:na]
	at com.alibaba.nacos.shaded.io.grpc.netty.shaded.io.netty.channel.nio.AbstractNioByteChannel$NioByteUnsafe.read(AbstractNioByteChannel.java:148) ~[nacos-client-2.0.3.jar:na]
	at com.alibaba.nacos.shaded.io.grpc.netty.shaded.io.netty.channel.nio.NioEventLoop.processSelectedKey(NioEventLoop.java:697) ~[nacos-client-2.0.3.jar:na]
	at com.alibaba.nacos.shaded.io.grpc.netty.shaded.io.netty.channel.nio.NioEventLoop.processSelectedKeysOptimized(NioEventLoop.java:632) ~[nacos-client-2.0.3.jar:na]
	at com.alibaba.nacos.shaded.io.grpc.netty.shaded.io.netty.channel.nio.NioEventLoop.processSelectedKeys(NioEventLoop.java:549) ~[nacos-client-2.0.3.jar:na]
	at com.alibaba.nacos.shaded.io.grpc.netty.shaded.io.netty.channel.nio.NioEventLoop.run(NioEventLoop.java:511) ~[nacos-client-2.0.3.jar:na]
	at com.alibaba.nacos.shaded.io.grpc.netty.shaded.io.netty.util.concurrent.SingleThreadEventExecutor$5.run(SingleThreadEventExecutor.java:918) ~[nacos-client-2.0.3.jar:na]
	at com.alibaba.nacos.shaded.io.grpc.netty.shaded.io.netty.util.internal.ThreadExecutorMap$2.run(ThreadExecutorMap.java:74) ~[nacos-client-2.0.3.jar:na]
	at com.alibaba.nacos.shaded.io.grpc.netty.shaded.io.netty.util.concurrent.FastThreadLocalRunnable.run(FastThreadLocalRunnable.java:30) ~[nacos-client-2.0.3.jar:na]
	... 1 common frames omitted

2026-07-10 14:49:52.905  INFO 35684 --- [t.remote.worker] com.alibaba.nacos.common.remote.client   : [9dc8ef9b-2e22-4abe-83dd-08e0b7ece251_config-0] try to re connect to a new server ,server is  not appointed,will choose a random server.
2026-07-10 14:49:52.905  INFO 35684 --- [t.remote.worker] com.alibaba.nacos.common.remote.client   : [52e60716-963b-420e-873c-2f9432e0c49a] try to re connect to a new server ,server is  not appointed,will choose a random server.
2026-07-10 14:49:55.926 ERROR 35684 --- [t.remote.worker] c.a.n.c.remote.client.grpc.GrpcClient    : Server check fail, please check server localhost ,port 9848 is available , error ={}

java.util.concurrent.TimeoutException: Waited 3000 milliseconds (plus 4 milliseconds, 150200 nanoseconds delay) for com.alibaba.nacos.shaded.io.grpc.stub.ClientCalls$GrpcFuture@53c91cd6[status=PENDING, info=[GrpcFuture{clientCall={delegate={delegate=ClientCallImpl{method=MethodDescriptor{fullMethodName=Request/request, type=UNARY, idempotent=false, safe=false, sampledToLocalTracing=true, requestMarshaller=com.alibaba.nacos.shaded.io.grpc.protobuf.lite.ProtoLiteUtils$MessageMarshaller@15b4e7ce, responseMarshaller=com.alibaba.nacos.shaded.io.grpc.protobuf.lite.ProtoLiteUtils$MessageMarshaller@25f86b7a, schemaDescriptor=com.alibaba.nacos.api.grpc.auto.RequestGrpc$RequestMethodDescriptorSupplier@12ae3355}}}}}]]
	at com.alibaba.nacos.shaded.com.google.common.util.concurrent.AbstractFuture.get(AbstractFuture.java:508) ~[nacos-client-2.0.3.jar:na]
	at com.alibaba.nacos.common.remote.client.grpc.GrpcClient.serverCheck(GrpcClient.java:146) [nacos-client-2.0.3.jar:na]
	at com.alibaba.nacos.common.remote.client.grpc.GrpcClient.connectToServer(GrpcClient.java:268) [nacos-client-2.0.3.jar:na]
	at com.alibaba.nacos.common.remote.client.RpcClient.reconnect(RpcClient.java:528) [nacos-client-2.0.3.jar:na]
	at com.alibaba.nacos.common.remote.client.RpcClient$3.run(RpcClient.java:373) [nacos-client-2.0.3.jar:na]
	at java.util.concurrent.Executors$RunnableAdapter.call(Executors.java:511) [na:1.8.0_144]
	at java.util.concurrent.FutureTask.run(FutureTask.java:266) [na:1.8.0_144]
	at java.util.concurrent.ScheduledThreadPoolExecutor$ScheduledFutureTask.access$201(ScheduledThreadPoolExecutor.java:180) [na:1.8.0_144]
	at java.util.concurrent.ScheduledThreadPoolExecutor$ScheduledFutureTask.run(ScheduledThreadPoolExecutor.java:293) [na:1.8.0_144]
	at java.util.concurrent.ThreadPoolExecutor.runWorker(ThreadPoolExecutor.java:1149) [na:1.8.0_144]
	at java.util.concurrent.ThreadPoolExecutor$Worker.run(ThreadPoolExecutor.java:624) [na:1.8.0_144]
	at java.lang.Thread.run(Thread.java:748) [na:1.8.0_144]

2026-07-10 14:49:55.926 ERROR 35684 --- [t.remote.worker] c.a.n.c.remote.client.grpc.GrpcClient    : Server check fail, please check server localhost ,port 9848 is available , error ={}

java.util.concurrent.TimeoutException: Waited 3000 milliseconds (plus 4 milliseconds, 107800 nanoseconds delay) for com.alibaba.nacos.shaded.io.grpc.stub.ClientCalls$GrpcFuture@3c672de5[status=PENDING, info=[GrpcFuture{clientCall={delegate={delegate=ClientCallImpl{method=MethodDescriptor{fullMethodName=Request/request, type=UNARY, idempotent=false, safe=false, sampledToLocalTracing=true, requestMarshaller=com.alibaba.nacos.shaded.io.grpc.protobuf.lite.ProtoLiteUtils$MessageMarshaller@15b4e7ce, responseMarshaller=com.alibaba.nacos.shaded.io.grpc.protobuf.lite.ProtoLiteUtils$MessageMarshaller@25f86b7a, schemaDescriptor=com.alibaba.nacos.api.grpc.auto.RequestGrpc$RequestMethodDescriptorSupplier@12ae3355}}}}}]]
	at com.alibaba.nacos.shaded.com.google.common.util.concurrent.AbstractFuture.get(AbstractFuture.java:508) ~[nacos-client-2.0.3.jar:na]
	at com.alibaba.nacos.common.remote.client.grpc.GrpcClient.serverCheck(GrpcClient.java:146) [nacos-client-2.0.3.jar:na]
	at com.alibaba.nacos.common.remote.client.grpc.GrpcClient.connectToServer(GrpcClient.java:268) [nacos-client-2.0.3.jar:na]
	at com.alibaba.nacos.common.remote.client.RpcClient.reconnect(RpcClient.java:528) [nacos-client-2.0.3.jar:na]
	at com.alibaba.nacos.common.remote.client.RpcClient$3.run(RpcClient.java:373) [nacos-client-2.0.3.jar:na]
	at java.util.concurrent.Executors$RunnableAdapter.call(Executors.java:511) [na:1.8.0_144]
	at java.util.concurrent.FutureTask.run(FutureTask.java:266) [na:1.8.0_144]
	at java.util.concurrent.ScheduledThreadPoolExecutor$ScheduledFutureTask.access$201(ScheduledThreadPoolExecutor.java:180) [na:1.8.0_144]
	at java.util.concurrent.ScheduledThreadPoolExecutor$ScheduledFutureTask.run(ScheduledThreadPoolExecutor.java:293) [na:1.8.0_144]
	at java.util.concurrent.ThreadPoolExecutor.runWorker(ThreadPoolExecutor.java:1149) [na:1.8.0_144]
	at java.util.concurrent.ThreadPoolExecutor$Worker.run(ThreadPoolExecutor.java:624) [na:1.8.0_144]
	at java.lang.Thread.run(Thread.java:748) [na:1.8.0_144]

2026-07-10 14:49:59.048 ERROR 35684 --- [t.remote.worker] c.a.n.c.remote.client.grpc.GrpcClient    : Server check fail, please check server localhost ,port 9848 is available , error ={}

java.util.concurrent.TimeoutException: Waited 3000 milliseconds (plus 7 milliseconds, 74900 nanoseconds delay) for com.alibaba.nacos.shaded.io.grpc.stub.ClientCalls$GrpcFuture@3e43d608[status=PENDING, info=[GrpcFuture{clientCall={delegate={delegate=ClientCallImpl{method=MethodDescriptor{fullMethodName=Request/request, type=UNARY, idempotent=false, safe=false, sampledToLocalTracing=true, requestMarshaller=com.alibaba.nacos.shaded.io.grpc.protobuf.lite.ProtoLiteUtils$MessageMarshaller@15b4e7ce, responseMarshaller=com.alibaba.nacos.shaded.io.grpc.protobuf.lite.ProtoLiteUtils$MessageMarshaller@25f86b7a, schemaDescriptor=com.alibaba.nacos.api.grpc.auto.RequestGrpc$RequestMethodDescriptorSupplier@12ae3355}}}}}]]
	at com.alibaba.nacos.shaded.com.google.common.util.concurrent.AbstractFuture.get(AbstractFuture.java:508) ~[nacos-client-2.0.3.jar:na]
	at com.alibaba.nacos.common.remote.client.grpc.GrpcClient.serverCheck(GrpcClient.java:146) [nacos-client-2.0.3.jar:na]
	at com.alibaba.nacos.common.remote.client.grpc.GrpcClient.connectToServer(GrpcClient.java:268) [nacos-client-2.0.3.jar:na]
	at com.alibaba.nacos.common.remote.client.RpcClient.reconnect(RpcClient.java:528) [nacos-client-2.0.3.jar:na]
	at com.alibaba.nacos.common.remote.client.RpcClient$3.run(RpcClient.java:373) [nacos-client-2.0.3.jar:na]
	at java.util.concurrent.Executors$RunnableAdapter.call(Executors.java:511) [na:1.8.0_144]
	at java.util.concurrent.FutureTask.run(FutureTask.java:266) [na:1.8.0_144]
	at java.util.concurrent.ScheduledThreadPoolExecutor$ScheduledFutureTask.access$201(ScheduledThreadPoolExecutor.java:180) [na:1.8.0_144]
	at java.util.concurrent.ScheduledThreadPoolExecutor$ScheduledFutureTask.run(ScheduledThreadPoolExecutor.java:293) [na:1.8.0_144]
	at java.util.concurrent.ThreadPoolExecutor.runWorker(ThreadPoolExecutor.java:1149) [na:1.8.0_144]
	at java.util.concurrent.ThreadPoolExecutor$Worker.run(ThreadPoolExecutor.java:624) [na:1.8.0_144]
	at java.lang.Thread.run(Thread.java:748) [na:1.8.0_144]

2026-07-10 14:49:59.048 ERROR 35684 --- [t.remote.worker] c.a.n.c.remote.client.grpc.GrpcClient    : Server check fail, please check server localhost ,port 9848 is available , error ={}

java.util.concurrent.TimeoutException: Waited 3000 milliseconds (plus 7 milliseconds, 157600 nanoseconds delay) for com.alibaba.nacos.shaded.io.grpc.stub.ClientCalls$GrpcFuture@15689045[status=PENDING, info=[GrpcFuture{clientCall={delegate={delegate=ClientCallImpl{method=MethodDescriptor{fullMethodName=Request/request, type=UNARY, idempotent=false, safe=false, sampledToLocalTracing=true, requestMarshaller=com.alibaba.nacos.shaded.io.grpc.protobuf.lite.ProtoLiteUtils$MessageMarshaller@15b4e7ce, responseMarshaller=com.alibaba.nacos.shaded.io.grpc.protobuf.lite.ProtoLiteUtils$MessageMarshaller@25f86b7a, schemaDescriptor=com.alibaba.nacos.api.grpc.auto.RequestGrpc$RequestMethodDescriptorSupplier@12ae3355}}}}}]]
	at com.alibaba.nacos.shaded.com.google.common.util.concurrent.AbstractFuture.get(AbstractFuture.java:508) ~[nacos-client-2.0.3.jar:na]
	at com.alibaba.nacos.common.remote.client.grpc.GrpcClient.serverCheck(GrpcClient.java:146) [nacos-client-2.0.3.jar:na]
	at com.alibaba.nacos.common.remote.client.grpc.GrpcClient.connectToServer(GrpcClient.java:268) [nacos-client-2.0.3.jar:na]
	at com.alibaba.nacos.common.remote.client.RpcClient.reconnect(RpcClient.java:528) [nacos-client-2.0.3.jar:na]
	at com.alibaba.nacos.common.remote.client.RpcClient$3.run(RpcClient.java:373) [nacos-client-2.0.3.jar:na]
	at java.util.concurrent.Executors$RunnableAdapter.call(Executors.java:511) [na:1.8.0_144]
	at java.util.concurrent.FutureTask.run(FutureTask.java:266) [na:1.8.0_144]
	at java.util.concurrent.ScheduledThreadPoolExecutor$ScheduledFutureTask.access$201(ScheduledThreadPoolExecutor.java:180) [na:1.8.0_144]
	at java.util.concurrent.ScheduledThreadPoolExecutor$ScheduledFutureTask.run(ScheduledThreadPoolExecutor.java:293) [na:1.8.0_144]
	at java.util.concurrent.ThreadPoolExecutor.runWorker(ThreadPoolExecutor.java:1149) [na:1.8.0_144]
	at java.util.concurrent.ThreadPoolExecutor$Worker.run(ThreadPoolExecutor.java:624) [na:1.8.0_144]
	at java.lang.Thread.run(Thread.java:748) [na:1.8.0_144]

2026-07-10 14:49:59.049  INFO 35684 --- [t.remote.worker] com.alibaba.nacos.common.remote.client   : [9dc8ef9b-2e22-4abe-83dd-08e0b7ece251_config-0] fail to connect server,after trying 1 times, last try server is {serverIp='localhost', server main port=8848},error=unknown
2026-07-10 14:49:59.049  INFO 35684 --- [t.remote.worker] com.alibaba.nacos.common.remote.client   : [52e60716-963b-420e-873c-2f9432e0c49a] fail to connect server,after trying 1 times, last try server is {serverIp='localhost', server main port=8848},error=unknown
2026-07-10 14:50:02.269 ERROR 35684 --- [t.remote.worker] c.a.n.c.remote.client.grpc.GrpcClient    : Server check fail, please check server localhost ,port 9848 is available , error ={}

java.util.concurrent.TimeoutException: Waited 3000 milliseconds (plus 7 milliseconds, 571100 nanoseconds delay) for com.alibaba.nacos.shaded.io.grpc.stub.ClientCalls$GrpcFuture@63d3e36a[status=PENDING, info=[GrpcFuture{clientCall={delegate={delegate=ClientCallImpl{method=MethodDescriptor{fullMethodName=Request/request, type=UNARY, idempotent=false, safe=false, sampledToLocalTracing=true, requestMarshaller=com.alibaba.nacos.shaded.io.grpc.protobuf.lite.ProtoLiteUtils$MessageMarshaller@15b4e7ce, responseMarshaller=com.alibaba.nacos.shaded.io.grpc.protobuf.lite.ProtoLiteUtils$MessageMarshaller@25f86b7a, schemaDescriptor=com.alibaba.nacos.api.grpc.auto.RequestGrpc$RequestMethodDescriptorSupplier@12ae3355}}}}}]]
	at com.alibaba.nacos.shaded.com.google.common.util.concurrent.AbstractFuture.get(AbstractFuture.java:508) ~[nacos-client-2.0.3.jar:na]
	at com.alibaba.nacos.common.remote.client.grpc.GrpcClient.serverCheck(GrpcClient.java:146) [nacos-client-2.0.3.jar:na]
	at com.alibaba.nacos.common.remote.client.grpc.GrpcClient.connectToServer(GrpcClient.java:268) [nacos-client-2.0.3.jar:na]
	at com.alibaba.nacos.common.remote.client.RpcClient.reconnect(RpcClient.java:528) [nacos-client-2.0.3.jar:na]
	at com.alibaba.nacos.common.remote.client.RpcClient$3.run(RpcClient.java:373) [nacos-client-2.0.3.jar:na]
	at java.util.concurrent.Executors$RunnableAdapter.call(Executors.java:511) [na:1.8.0_144]
	at java.util.concurrent.FutureTask.run(FutureTask.java:266) [na:1.8.0_144]
	at java.util.concurrent.ScheduledThreadPoolExecutor$ScheduledFutureTask.access$201(ScheduledThreadPoolExecutor.java:180) [na:1.8.0_144]
	at java.util.concurrent.ScheduledThreadPoolExecutor$ScheduledFutureTask.run(ScheduledThreadPoolExecutor.java:293) [na:1.8.0_144]
	at java.util.concurrent.ThreadPoolExecutor.runWorker(ThreadPoolExecutor.java:1149) [na:1.8.0_144]
	at java.util.concurrent.ThreadPoolExecutor$Worker.run(ThreadPoolExecutor.java:624) [na:1.8.0_144]
	at java.lang.Thread.run(Thread.java:748) [na:1.8.0_144]

2026-07-10 14:50:02.269 ERROR 35684 --- [t.remote.worker] c.a.n.c.remote.client.grpc.GrpcClient    : Server check fail, please check server localhost ,port 9848 is available , error ={}

java.util.concurrent.TimeoutException: Waited 3000 milliseconds (plus 7 milliseconds, 341400 nanoseconds delay) for com.alibaba.nacos.shaded.io.grpc.stub.ClientCalls$GrpcFuture@17cc470d[status=PENDING, info=[GrpcFuture{clientCall={delegate={delegate=ClientCallImpl{method=MethodDescriptor{fullMethodName=Request/request, type=UNARY, idempotent=false, safe=false, sampledToLocalTracing=true, requestMarshaller=com.alibaba.nacos.shaded.io.grpc.protobuf.lite.ProtoLiteUtils$MessageMarshaller@15b4e7ce, responseMarshaller=com.alibaba.nacos.shaded.io.grpc.protobuf.lite.ProtoLiteUtils$MessageMarshaller@25f86b7a, schemaDescriptor=com.alibaba.nacos.api.grpc.auto.RequestGrpc$RequestMethodDescriptorSupplier@12ae3355}}}}}]]
	at com.alibaba.nacos.shaded.com.google.common.util.concurrent.AbstractFuture.get(AbstractFuture.java:508) ~[nacos-client-2.0.3.jar:na]
	at com.alibaba.nacos.common.remote.client.grpc.GrpcClient.serverCheck(GrpcClient.java:146) [nacos-client-2.0.3.jar:na]
	at com.alibaba.nacos.common.remote.client.grpc.GrpcClient.connectToServer(GrpcClient.java:268) [nacos-client-2.0.3.jar:na]
	at com.alibaba.nacos.common.remote.client.RpcClient.reconnect(RpcClient.java:528) [nacos-client-2.0.3.jar:na]
	at com.alibaba.nacos.common.remote.client.RpcClient$3.run(RpcClient.java:373) [nacos-client-2.0.3.jar:na]
	at java.util.concurrent.Executors$RunnableAdapter.call(Executors.java:511) [na:1.8.0_144]
	at java.util.concurrent.FutureTask.run(FutureTask.java:266) [na:1.8.0_144]
	at java.util.concurrent.ScheduledThreadPoolExecutor$ScheduledFutureTask.access$201(ScheduledThreadPoolExecutor.java:180) [na:1.8.0_144]
	at java.util.concurrent.ScheduledThreadPoolExecutor$ScheduledFutureTask.run(ScheduledThreadPoolExecutor.java:293) [na:1.8.0_144]
	at java.util.concurrent.ThreadPoolExecutor.runWorker(ThreadPoolExecutor.java:1149) [na:1.8.0_144]
	at java.util.concurrent.ThreadPoolExecutor$Worker.run(ThreadPoolExecutor.java:624) [na:1.8.0_144]
	at java.lang.Thread.run(Thread.java:748) [na:1.8.0_144]

2026-07-10 14:50:02.269  INFO 35684 --- [t.remote.worker] com.alibaba.nacos.common.remote.client   : [52e60716-963b-420e-873c-2f9432e0c49a] fail to connect server,after trying 2 times, last try server is {serverIp='localhost', server main port=8848},error=unknown
2026-07-10 14:50:02.269  INFO 35684 --- [t.remote.worker] com.alibaba.nacos.common.remote.client   : [9dc8ef9b-2e22-4abe-83dd-08e0b7ece251_config-0] fail to connect server,after trying 2 times, last try server is {serverIp='localhost', server main port=8848},error=unknown
2026-07-10 14:50:05.587 ERROR 35684 --- [t.remote.worker] c.a.n.c.remote.client.grpc.GrpcClient    : Server check fail, please check server localhost ,port 9848 is available , error ={}

java.util.concurrent.TimeoutException: Waited 3000 milliseconds (plus 2 milliseconds, 444500 nanoseconds delay) for com.alibaba.nacos.shaded.io.grpc.stub.ClientCalls$GrpcFuture@4db94a5b[status=PENDING, info=[GrpcFuture{clientCall={delegate={delegate=ClientCallImpl{method=MethodDescriptor{fullMethodName=Request/request, type=UNARY, idempotent=false, safe=false, sampledToLocalTracing=true, requestMarshaller=com.alibaba.nacos.shaded.io.grpc.protobuf.lite.ProtoLiteUtils$MessageMarshaller@15b4e7ce, responseMarshaller=com.alibaba.nacos.shaded.io.grpc.protobuf.lite.ProtoLiteUtils$MessageMarshaller@25f86b7a, schemaDescriptor=com.alibaba.nacos.api.grpc.auto.RequestGrpc$RequestMethodDescriptorSupplier@12ae3355}}}}}]]
	at com.alibaba.nacos.shaded.com.google.common.util.concurrent.AbstractFuture.get(AbstractFuture.java:508) ~[nacos-client-2.0.3.jar:na]
	at com.alibaba.nacos.common.remote.client.grpc.GrpcClient.serverCheck(GrpcClient.java:146) [nacos-client-2.0.3.jar:na]
	at com.alibaba.nacos.common.remote.client.grpc.GrpcClient.connectToServer(GrpcClient.java:268) [nacos-client-2.0.3.jar:na]
	at com.alibaba.nacos.common.remote.client.RpcClient.reconnect(RpcClient.java:528) [nacos-client-2.0.3.jar:na]
	at com.alibaba.nacos.common.remote.client.RpcClient$3.run(RpcClient.java:373) [nacos-client-2.0.3.jar:na]
	at java.util.concurrent.Executors$RunnableAdapter.call(Executors.java:511) [na:1.8.0_144]
	at java.util.concurrent.FutureTask.run(FutureTask.java:266) [na:1.8.0_144]
	at java.util.concurrent.ScheduledThreadPoolExecutor$ScheduledFutureTask.access$201(ScheduledThreadPoolExecutor.java:180) [na:1.8.0_144]
	at java.util.concurrent.ScheduledThreadPoolExecutor$ScheduledFutureTask.run(ScheduledThreadPoolExecutor.java:293) [na:1.8.0_144]
	at java.util.concurrent.ThreadPoolExecutor.runWorker(ThreadPoolExecutor.java:1149) [na:1.8.0_144]
	at java.util.concurrent.ThreadPoolExecutor$Worker.run(ThreadPoolExecutor.java:624) [na:1.8.0_144]
	at java.lang.Thread.run(Thread.java:748) [na:1.8.0_144]

2026-07-10 14:50:05.587 ERROR 35684 --- [t.remote.worker] c.a.n.c.remote.client.grpc.GrpcClient    : Server check fail, please check server localhost ,port 9848 is available , error ={}

java.util.concurrent.TimeoutException: Waited 3000 milliseconds (plus 2 milliseconds, 501800 nanoseconds delay) for com.alibaba.nacos.shaded.io.grpc.stub.ClientCalls$GrpcFuture@32052525[status=PENDING, info=[GrpcFuture{clientCall={delegate={delegate=ClientCallImpl{method=MethodDescriptor{fullMethodName=Request/request, type=UNARY, idempotent=false, safe=false, sampledToLocalTracing=true, requestMarshaller=com.alibaba.nacos.shaded.io.grpc.protobuf.lite.ProtoLiteUtils$MessageMarshaller@15b4e7ce, responseMarshaller=com.alibaba.nacos.shaded.io.grpc.protobuf.lite.ProtoLiteUtils$MessageMarshaller@25f86b7a, schemaDescriptor=com.alibaba.nacos.api.grpc.auto.RequestGrpc$RequestMethodDescriptorSupplier@12ae3355}}}}}]]
	at com.alibaba.nacos.shaded.com.google.common.util.concurrent.AbstractFuture.get(AbstractFuture.java:508) ~[nacos-client-2.0.3.jar:na]
	at com.alibaba.nacos.common.remote.client.grpc.GrpcClient.serverCheck(GrpcClient.java:146) [nacos-client-2.0.3.jar:na]
	at com.alibaba.nacos.common.remote.client.grpc.GrpcClient.connectToServer(GrpcClient.java:268) [nacos-client-2.0.3.jar:na]
	at com.alibaba.nacos.common.remote.client.RpcClient.reconnect(RpcClient.java:528) [nacos-client-2.0.3.jar:na]
	at com.alibaba.nacos.common.remote.client.RpcClient$3.run(RpcClient.java:373) [nacos-client-2.0.3.jar:na]
	at java.util.concurrent.Executors$RunnableAdapter.call(Executors.java:511) [na:1.8.0_144]
	at java.util.concurrent.FutureTask.run(FutureTask.java:266) [na:1.8.0_144]
	at java.util.concurrent.ScheduledThreadPoolExecutor$ScheduledFutureTask.access$201(ScheduledThreadPoolExecutor.java:180) [na:1.8.0_144]
	at java.util.concurrent.ScheduledThreadPoolExecutor$ScheduledFutureTask.run(ScheduledThreadPoolExecutor.java:293) [na:1.8.0_144]
	at java.util.concurrent.ThreadPoolExecutor.runWorker(ThreadPoolExecutor.java:1149) [na:1.8.0_144]
	at java.util.concurrent.ThreadPoolExecutor$Worker.run(ThreadPoolExecutor.java:624) [na:1.8.0_144]
	at java.lang.Thread.run(Thread.java:748) [na:1.8.0_144]

2026-07-10 14:50:05.587  INFO 35684 --- [t.remote.worker] com.alibaba.nacos.common.remote.client   : [9dc8ef9b-2e22-4abe-83dd-08e0b7ece251_config-0] fail to connect server,after trying 3 times, last try server is {serverIp='localhost', server main port=8848},error=unknown
2026-07-10 14:50:05.587  INFO 35684 --- [t.remote.worker] com.alibaba.nacos.common.remote.client   : [52e60716-963b-420e-873c-2f9432e0c49a] fail to connect server,after trying 3 times, last try server is {serverIp='localhost', server main port=8848},error=unknown
2026-07-10 14:50:07.508 ERROR 35684 --- [aming.updater.1] com.alibaba.nacos.common.remote.client   : Send request fail, request=ServiceQueryRequest{headers={app=unknown}, requestId='null'}, retryTimes=0,errorMessage=Client not connected,current status:UNHEALTHY
2026-07-10 14:50:07.614 ERROR 35684 --- [aming.updater.1] com.alibaba.nacos.common.remote.client   : Send request fail, request=ServiceQueryRequest{headers={app=unknown}, requestId='null'}, retryTimes=1,errorMessage=Client not connected,current status:UNHEALTHY
2026-07-10 14:50:07.726 ERROR 35684 --- [aming.updater.1] com.alibaba.nacos.common.remote.client   : Send request fail, request=ServiceQueryRequest{headers={app=unknown}, requestId='null'}, retryTimes=2,errorMessage=Client not connected,current status:UNHEALTHY
2026-07-10 14:50:07.726  WARN 35684 --- [aming.updater.1] com.alibaba.nacos.client.naming          : [NA] failed to update serviceName: DEFAULT_GROUP@@sc-gateway

com.alibaba.nacos.api.exception.NacosException: Request nacos server failed: 
	at com.alibaba.nacos.client.naming.remote.gprc.NamingGrpcClientProxy.requestToServer(NamingGrpcClientProxy.java:279) ~[nacos-client-2.0.3.jar:na]
	at com.alibaba.nacos.client.naming.remote.gprc.NamingGrpcClientProxy.queryInstancesOfService(NamingGrpcClientProxy.java:169) ~[nacos-client-2.0.3.jar:na]
	at com.alibaba.nacos.client.naming.remote.NamingClientProxyDelegate.queryInstancesOfService(NamingClientProxyDelegate.java:111) ~[nacos-client-2.0.3.jar:na]
	at com.alibaba.nacos.client.naming.core.ServiceInfoUpdateService$UpdateTask.run(ServiceInfoUpdateService.java:182) ~[nacos-client-2.0.3.jar:na]
	at java.util.concurrent.Executors$RunnableAdapter.call(Executors.java:511) [na:1.8.0_144]
	at java.util.concurrent.FutureTask.run(FutureTask.java:266) [na:1.8.0_144]
	at java.util.concurrent.ScheduledThreadPoolExecutor$ScheduledFutureTask.access$201(ScheduledThreadPoolExecutor.java:180) [na:1.8.0_144]
	at java.util.concurrent.ScheduledThreadPoolExecutor$ScheduledFutureTask.run(ScheduledThreadPoolExecutor.java:293) [na:1.8.0_144]
	at java.util.concurrent.ThreadPoolExecutor.runWorker(ThreadPoolExecutor.java:1149) [na:1.8.0_144]
	at java.util.concurrent.ThreadPoolExecutor$Worker.run(ThreadPoolExecutor.java:624) [na:1.8.0_144]
	at java.lang.Thread.run(Thread.java:748) [na:1.8.0_144]
Caused by: com.alibaba.nacos.api.exception.NacosException: Client not connected,current status:UNHEALTHY
	at com.alibaba.nacos.common.remote.client.RpcClient.request(RpcClient.java:655) ~[nacos-client-2.0.3.jar:na]
	at com.alibaba.nacos.common.remote.client.RpcClient.request(RpcClient.java:635) ~[nacos-client-2.0.3.jar:na]
	at com.alibaba.nacos.client.naming.remote.gprc.NamingGrpcClientProxy.requestToServer(NamingGrpcClientProxy.java:269) ~[nacos-client-2.0.3.jar:na]
	... 10 common frames omitted

2026-07-10 14:50:08.996 ERROR 35684 --- [t.remote.worker] c.a.n.c.remote.client.grpc.GrpcClient    : Server check fail, please check server localhost ,port 9848 is available , error ={}

java.util.concurrent.TimeoutException: Waited 3000 milliseconds (plus 6 milliseconds, 204700 nanoseconds delay) for com.alibaba.nacos.shaded.io.grpc.stub.ClientCalls$GrpcFuture@504ba109[status=PENDING, info=[GrpcFuture{clientCall={delegate={delegate=ClientCallImpl{method=MethodDescriptor{fullMethodName=Request/request, type=UNARY, idempotent=false, safe=false, sampledToLocalTracing=true, requestMarshaller=com.alibaba.nacos.shaded.io.grpc.protobuf.lite.ProtoLiteUtils$MessageMarshaller@15b4e7ce, responseMarshaller=com.alibaba.nacos.shaded.io.grpc.protobuf.lite.ProtoLiteUtils$MessageMarshaller@25f86b7a, schemaDescriptor=com.alibaba.nacos.api.grpc.auto.RequestGrpc$RequestMethodDescriptorSupplier@12ae3355}}}}}]]
	at com.alibaba.nacos.shaded.com.google.common.util.concurrent.AbstractFuture.get(AbstractFuture.java:508) ~[nacos-client-2.0.3.jar:na]
	at com.alibaba.nacos.common.remote.client.grpc.GrpcClient.serverCheck(GrpcClient.java:146) [nacos-client-2.0.3.jar:na]
	at com.alibaba.nacos.common.remote.client.grpc.GrpcClient.connectToServer(GrpcClient.java:268) [nacos-client-2.0.3.jar:na]
	at com.alibaba.nacos.common.remote.client.RpcClient.reconnect(RpcClient.java:528) [nacos-client-2.0.3.jar:na]
	at com.alibaba.nacos.common.remote.client.RpcClient$3.run(RpcClient.java:373) [nacos-client-2.0.3.jar:na]
	at java.util.concurrent.Executors$RunnableAdapter.call(Executors.java:511) [na:1.8.0_144]
	at java.util.concurrent.FutureTask.run(FutureTask.java:266) [na:1.8.0_144]
	at java.util.concurrent.ScheduledThreadPoolExecutor$ScheduledFutureTask.access$201(ScheduledThreadPoolExecutor.java:180) [na:1.8.0_144]
	at java.util.concurrent.ScheduledThreadPoolExecutor$ScheduledFutureTask.run(ScheduledThreadPoolExecutor.java:293) [na:1.8.0_144]
	at java.util.concurrent.ThreadPoolExecutor.runWorker(ThreadPoolExecutor.java:1149) [na:1.8.0_144]
	at java.util.concurrent.ThreadPoolExecutor$Worker.run(ThreadPoolExecutor.java:624) [na:1.8.0_144]
	at java.lang.Thread.run(Thread.java:748) [na:1.8.0_144]

2026-07-10 14:50:08.996 ERROR 35684 --- [t.remote.worker] c.a.n.c.remote.client.grpc.GrpcClient    : Server check fail, please check server localhost ,port 9848 is available , error ={}

java.util.concurrent.TimeoutException: Waited 3000 milliseconds (plus 6 milliseconds, 231300 nanoseconds delay) for com.alibaba.nacos.shaded.io.grpc.stub.ClientCalls$GrpcFuture@2ecf6585[status=PENDING, info=[GrpcFuture{clientCall={delegate={delegate=ClientCallImpl{method=MethodDescriptor{fullMethodName=Request/request, type=UNARY, idempotent=false, safe=false, sampledToLocalTracing=true, requestMarshaller=com.alibaba.nacos.shaded.io.grpc.protobuf.lite.ProtoLiteUtils$MessageMarshaller@15b4e7ce, responseMarshaller=com.alibaba.nacos.shaded.io.grpc.protobuf.lite.ProtoLiteUtils$MessageMarshaller@25f86b7a, schemaDescriptor=com.alibaba.nacos.api.grpc.auto.RequestGrpc$RequestMethodDescriptorSupplier@12ae3355}}}}}]]
	at com.alibaba.nacos.shaded.com.google.common.util.concurrent.AbstractFuture.get(AbstractFuture.java:508) ~[nacos-client-2.0.3.jar:na]
	at com.alibaba.nacos.common.remote.client.grpc.GrpcClient.serverCheck(GrpcClient.java:146) [nacos-client-2.0.3.jar:na]
	at com.alibaba.nacos.common.remote.client.grpc.GrpcClient.connectToServer(GrpcClient.java:268) [nacos-client-2.0.3.jar:na]
	at com.alibaba.nacos.common.remote.client.RpcClient.reconnect(RpcClient.java:528) [nacos-client-2.0.3.jar:na]
	at com.alibaba.nacos.common.remote.client.RpcClient$3.run(RpcClient.java:373) [nacos-client-2.0.3.jar:na]
	at java.util.concurrent.Executors$RunnableAdapter.call(Executors.java:511) [na:1.8.0_144]
	at java.util.concurrent.FutureTask.run(FutureTask.java:266) [na:1.8.0_144]
	at java.util.concurrent.ScheduledThreadPoolExecutor$ScheduledFutureTask.access$201(ScheduledThreadPoolExecutor.java:180) [na:1.8.0_144]
	at java.util.concurrent.ScheduledThreadPoolExecutor$ScheduledFutureTask.run(ScheduledThreadPoolExecutor.java:293) [na:1.8.0_144]
	at java.util.concurrent.ThreadPoolExecutor.runWorker(ThreadPoolExecutor.java:1149) [na:1.8.0_144]
	at java.util.concurrent.ThreadPoolExecutor$Worker.run(ThreadPoolExecutor.java:624) [na:1.8.0_144]
	at java.lang.Thread.run(Thread.java:748) [na:1.8.0_144]

2026-07-10 14:50:08.997  INFO 35684 --- [t.remote.worker] com.alibaba.nacos.common.remote.client   : [9dc8ef9b-2e22-4abe-83dd-08e0b7ece251_config-0] fail to connect server,after trying 4 times, last try server is {serverIp='localhost', server main port=8848},error=unknown
2026-07-10 14:50:08.997  INFO 35684 --- [t.remote.worker] com.alibaba.nacos.common.remote.client   : [52e60716-963b-420e-873c-2f9432e0c49a] fail to connect server,after trying 4 times, last try server is {serverIp='localhost', server main port=8848},error=unknown
2026-07-10 14:50:09.851 ERROR 35684 --- [aming.updater.3] com.alibaba.nacos.common.remote.client   : Send request fail, request=ServiceQueryRequest{headers={app=unknown}, requestId='null'}, retryTimes=0,errorMessage=Client not connected,current status:UNHEALTHY
2026-07-10 14:50:09.959 ERROR 35684 --- [aming.updater.3] com.alibaba.nacos.common.remote.client   : Send request fail, request=ServiceQueryRequest{headers={app=unknown}, requestId='null'}, retryTimes=1,errorMessage=Client not connected,current status:UNHEALTHY
2026-07-10 14:50:10.069 ERROR 35684 --- [aming.updater.3] com.alibaba.nacos.common.remote.client   : Send request fail, request=ServiceQueryRequest{headers={app=unknown}, requestId='null'}, retryTimes=2,errorMessage=Client not connected,current status:UNHEALTHY
2026-07-10 14:50:10.069  WARN 35684 --- [aming.updater.3] com.alibaba.nacos.client.naming          : [NA] failed to update serviceName: DEFAULT_GROUP@@sc-gateway

com.alibaba.nacos.api.exception.NacosException: Request nacos server failed: 
	at com.alibaba.nacos.client.naming.remote.gprc.NamingGrpcClientProxy.requestToServer(NamingGrpcClientProxy.java:279) ~[nacos-client-2.0.3.jar:na]
	at com.alibaba.nacos.client.naming.remote.gprc.NamingGrpcClientProxy.queryInstancesOfService(NamingGrpcClientProxy.java:169) ~[nacos-client-2.0.3.jar:na]
	at com.alibaba.nacos.client.naming.remote.NamingClientProxyDelegate.queryInstancesOfService(NamingClientProxyDelegate.java:111) ~[nacos-client-2.0.3.jar:na]
	at com.alibaba.nacos.client.naming.core.ServiceInfoUpdateService$UpdateTask.run(ServiceInfoUpdateService.java:182) ~[nacos-client-2.0.3.jar:na]
	at java.util.concurrent.Executors$RunnableAdapter.call(Executors.java:511) [na:1.8.0_144]
	at java.util.concurrent.FutureTask.run(FutureTask.java:266) [na:1.8.0_144]
	at java.util.concurrent.ScheduledThreadPoolExecutor$ScheduledFutureTask.access$201(ScheduledThreadPoolExecutor.java:180) [na:1.8.0_144]
	at java.util.concurrent.ScheduledThreadPoolExecutor$ScheduledFutureTask.run(ScheduledThreadPoolExecutor.java:293) [na:1.8.0_144]
	at java.util.concurrent.ThreadPoolExecutor.runWorker(ThreadPoolExecutor.java:1149) [na:1.8.0_144]
	at java.util.concurrent.ThreadPoolExecutor$Worker.run(ThreadPoolExecutor.java:624) [na:1.8.0_144]
	at java.lang.Thread.run(Thread.java:748) [na:1.8.0_144]
Caused by: com.alibaba.nacos.api.exception.NacosException: Client not connected,current status:UNHEALTHY
	at com.alibaba.nacos.common.remote.client.RpcClient.request(RpcClient.java:655) ~[nacos-client-2.0.3.jar:na]
	at com.alibaba.nacos.common.remote.client.RpcClient.request(RpcClient.java:635) ~[nacos-client-2.0.3.jar:na]
	at com.alibaba.nacos.client.naming.remote.gprc.NamingGrpcClientProxy.requestToServer(NamingGrpcClientProxy.java:269) ~[nacos-client-2.0.3.jar:na]
	... 10 common frames omitted

